[    0.000000] Linux version 5.4.0-137-generic (buildd@lcy02-amd64-107) (gcc version 7.5.0 (Ubuntu 7.5.0-3ubuntu1~18.04)) #154~18.04.1-Ubuntu SMP Tue Jan 10 16:58:20 UTC 2023 (Ubuntu 5.4.0-137.154~18.04.1-generic 5.4.218)
[    0.000000] Command line: BOOT_IMAGE=/boot/vmlinuz-5.4.0-137-generic root=UUID=c73a625e-27d8-48ff-889d-570d39618019 ro console=tty1 console=ttyS1,115200 pci=realloc,assign-busses acpi.debug_layer=0x400
[    0.000000] KERNEL supported cpus:
[    0.000000]   Intel GenuineIntel
[    0.000000]   AMD AuthenticAMD
[    0.000000]   Hygon HygonGenuine
[    0.000000]   Centaur CentaurHauls
[    0.000000]   zhaoxin   Shanghai  
[    0.000000] x86/fpu: Supporting XSAVE feature 0x001: 'x87 floating point registers'
[    0.000000] x86/fpu: Supporting XSAVE feature 0x002: 'SSE registers'
[    0.000000] x86/fpu: Supporting XSAVE feature 0x004: 'AVX registers'
[    0.000000] x86/fpu: Supporting XSAVE feature 0x008: 'MPX bounds registers'
[    0.000000] x86/fpu: Supporting XSAVE feature 0x010: 'MPX CSR'
[    0.000000] x86/fpu: Supporting XSAVE feature 0x020: 'AVX-512 opmask'
[    0.000000] x86/fpu: Supporting XSAVE feature 0x040: 'AVX-512 Hi256'
[    0.000000] x86/fpu: Supporting XSAVE feature 0x080: 'AVX-512 ZMM_Hi256'
[    0.000000] x86/fpu: Supporting XSAVE feature 0x200: 'Protection Keys User registers'
[    0.000000] x86/fpu: xstate_offset[2]:  576, xstate_sizes[2]:  256
[    0.000000] x86/fpu: xstate_offset[3]:  832, xstate_sizes[3]:   64
[    0.000000] x86/fpu: xstate_offset[4]:  896, xstate_sizes[4]:   64
[    0.000000] x86/fpu: xstate_offset[5]:  960, xstate_sizes[5]:   64
[    0.000000] x86/fpu: xstate_offset[6]: 1024, xstate_sizes[6]:  512
[    0.000000] x86/fpu: xstate_offset[7]: 1536, xstate_sizes[7]: 1024
[    0.000000] x86/fpu: xstate_offset[9]: 2560, xstate_sizes[9]:    8
[    0.000000] x86/fpu: Enabled xstate features 0x2ff, context size is 2568 bytes, using 'compacted' format.
[    0.000000] BIOS-provided physical RAM map:
[    0.000000] BIOS-e820: [mem 0x0000000000000000-0x000000000003dfff] usable
[    0.000000] BIOS-e820: [mem 0x000000000003e000-0x000000000003ffff] reserved
[    0.000000] BIOS-e820: [mem 0x0000000000040000-0x000000000009dfff] usable
[    0.000000] BIOS-e820: [mem 0x000000000009e000-0x00000000000fffff] reserved
[    0.000000] BIOS-e820: [mem 0x0000000000100000-0x0000000067366fff] usable
[    0.000000] BIOS-e820: [mem 0x0000000067367000-0x0000000069d52fff] reserved
[    0.000000] BIOS-e820: [mem 0x0000000069d53000-0x000000006a606fff] usable
[    0.000000] BIOS-e820: [mem 0x000000006a607000-0x000000006b168fff] ACPI NVS
[    0.000000] BIOS-e820: [mem 0x000000006b169000-0x000000006dd68fff] reserved
[    0.000000] BIOS-e820: [mem 0x000000006dd69000-0x000000006fffffff] usable
[    0.000000] BIOS-e820: [mem 0x0000000070000000-0x000000008fffffff] reserved
[    0.000000] BIOS-e820: [mem 0x00000000fd000000-0x00000000fe7fffff] reserved
[    0.000000] BIOS-e820: [mem 0x00000000fed20000-0x00000000fed44fff] reserved
[    0.000000] BIOS-e820: [mem 0x00000000ff000000-0x00000000ffffffff] reserved
[    0.000000] BIOS-e820: [mem 0x0000000100000000-0x000000183fffffff] usable
[    0.000000] NX (Execute Disable) protection: active
[    0.000000] e820: update [mem 0x5c349018-0x5c359a57] usable ==> usable
[    0.000000] e820: update [mem 0x5c349018-0x5c359a57] usable ==> usable
[    0.000000] e820: update [mem 0x5c311018-0x5c348657] usable ==> usable
[    0.000000] e820: update [mem 0x5c311018-0x5c348657] usable ==> usable
[    0.000000] e820: update [mem 0x5c308018-0x5c310057] usable ==> usable
[    0.000000] e820: update [mem 0x5c308018-0x5c310057] usable ==> usable
[    0.000000] e820: update [mem 0x5c2f7018-0x5c307457] usable ==> usable
[    0.000000] e820: update [mem 0x5c2f7018-0x5c307457] usable ==> usable
[    0.000000] e820: update [mem 0x5c2e7018-0x5c2f6457] usable ==> usable
[    0.000000] e820: update [mem 0x5c2e7018-0x5c2f6457] usable ==> usable
[    0.000000] extended physical RAM map:
[    0.000000] reserve setup_data: [mem 0x0000000000000000-0x000000000003dfff] usable
[    0.000000] reserve setup_data: [mem 0x000000000003e000-0x000000000003ffff] reserved
[    0.000000] reserve setup_data: [mem 0x0000000000040000-0x000000000009dfff] usable
[    0.000000] reserve setup_data: [mem 0x000000000009e000-0x00000000000fffff] reserved
[    0.000000] reserve setup_data: [mem 0x0000000000100000-0x000000005c2e7017] usable
[    0.000000] reserve setup_data: [mem 0x000000005c2e7018-0x000000005c2f6457] usable
[    0.000000] reserve setup_data: [mem 0x000000005c2f6458-0x000000005c2f7017] usable
[    0.000000] reserve setup_data: [mem 0x000000005c2f7018-0x000000005c307457] usable
[    0.000000] reserve setup_data: [mem 0x000000005c307458-0x000000005c308017] usable
[    0.000000] reserve setup_data: [mem 0x000000005c308018-0x000000005c310057] usable
[    0.000000] reserve setup_data: [mem 0x000000005c310058-0x000000005c311017] usable
[    0.000000] reserve setup_data: [mem 0x000000005c311018-0x000000005c348657] usable
[    0.000000] reserve setup_data: [mem 0x000000005c348658-0x000000005c349017] usable
[    0.000000] reserve setup_data: [mem 0x000000005c349018-0x000000005c359a57] usable
[    0.000000] reserve setup_data: [mem 0x000000005c359a58-0x0000000067366fff] usable
[    0.000000] reserve setup_data: [mem 0x0000000067367000-0x0000000069d52fff] reserved
[    0.000000] reserve setup_data: [mem 0x0000000069d53000-0x000000006a606fff] usable
[    0.000000] reserve setup_data: [mem 0x000000006a607000-0x000000006b168fff] ACPI NVS
[    0.000000] reserve setup_data: [mem 0x000000006b169000-0x000000006dd68fff] reserved
[    0.000000] reserve setup_data: [mem 0x000000006dd69000-0x000000006fffffff] usable
[    0.000000] reserve setup_data: [mem 0x0000000070000000-0x000000008fffffff] reserved
[    0.000000] reserve setup_data: [mem 0x00000000fd000000-0x00000000fe7fffff] reserved
[    0.000000] reserve setup_data: [mem 0x00000000fed20000-0x00000000fed44fff] reserved
[    0.000000] reserve setup_data: [mem 0x00000000ff000000-0x00000000ffffffff] reserved
[    0.000000] reserve setup_data: [mem 0x0000000100000000-0x000000183fffffff] usable
[    0.000000] efi: EFI v2.70 by American Megatrends
[    0.000000] efi:  ACPI 2.0=0x6ac0a000  ACPI=0x6ac0a000  TPMFinalLog=0x6b0f5000  SMBIOS=0x6d841000  SMBIOS 3.0=0x6d840000  MEMATTR=0x61cbe098  ESRT=0x6557a418  TPMEventLog=0x5c35c018 
[    0.000000] secureboot: Secure boot disabled
[    0.000000] SMBIOS 3.2.1 present.
[    0.000000] DMI: Quanta Computer Inc. V3NC Motherboard V3NC/V3NC Motherboard, BIOS V3NCR086 01/04/2023
[    0.000000] tsc: Detected 2400.000 MHz processor
[    0.000024] e820: update [mem 0x00000000-0x00000fff] usable ==> reserved
[    0.000025] e820: remove [mem 0x000a0000-0x000fffff] usable
[    0.000031] last_pfn = 0x1840000 max_arch_pfn = 0x400000000
[    0.000034] MTRR default type: uncachable
[    0.000034] MTRR fixed ranges enabled:
[    0.000035]   00000-9FFFF write-back
[    0.000036]   A0000-FFFFF uncachable
[    0.000036] MTRR variable ranges enabled:
[    0.000038]   0 base 000000000000 mask 3FF000000000 write-back
[    0.000039]   1 base 001000000000 mask 3FF800000000 write-back
[    0.000039]   2 base 001800000000 mask 3FFFC0000000 write-back
[    0.000040]   3 base 000080000000 mask 3FFF80000000 uncachable
[    0.000040]   4 base 000070000000 mask 3FFFFC000000 uncachable
[    0.000041]   5 disabled
[    0.000041]   6 disabled
[    0.000042]   7 disabled
[    0.000042]   8 disabled
[    0.000042]   9 disabled
[    0.000552] x86/PAT: Configuration [0-7]: WB  WC  UC- UC  WB  WP  UC- WT  
[    0.001275] total RAM covered: 97216M
[    0.001575] Found optimal setting for mtrr clean up
[    0.001576]  gran_size: 64K 	chunk_size: 512M 	num_reg: 8  	lose cover RAM: 0G
[    0.002055] e820: update [mem 0x70000000-0x73ffffff] usable ==> reserved
[    0.002056] e820: update [mem 0x80000000-0xffffffff] usable ==> reserved
[    0.002058] last_pfn = 0x70000 max_arch_pfn = 0x400000000
[    0.008987] esrt: Reserving ESRT space from 0x000000006557a418 to 0x000000006557a450.
[    0.008990] e820: update [mem 0x6557a000-0x6557afff] usable ==> reserved
[    0.009010] check: Scanning 1 areas for low memory corruption
[    0.009014] Using GB pages for direct mapping
[    0.009689] secureboot: Secure boot disabled
[    0.009690] RAMDISK: [mem 0x2fd94000-0x3274cfff]
[    0.009696] ACPI: Early table checksum verification disabled
[    0.009699] ACPI: RSDP 0x000000006AC0A000 000024 (v02 ALASKA)
[    0.009702] ACPI: XSDT 0x000000006AC0A0C8 000114 (v01 ALASKA A M I    01072009 AMI  00010013)
[    0.009707] ACPI: FACP 0x000000006ADA5D68 000114 (v06 ALASKA A M I    01072009 INTL 20091013)
[    0.009711] ACPI: DSDT 0x000000006AC0A278 19BAEC (v02 ALASKA A M I    01072009 INTL 20091013)
[    0.009714] ACPI: FACS 0x000000006B125080 000040
[    0.009715] ACPI: FIDT 0x000000006ADA5E80 00009C (v01 ALASKA A M I    01072009 AMI  00010013)
[    0.009718] ACPI: SPMI 0x000000006ADA5F20 000041 (v05 ALASKA A M I    00000000 AMI. 00000000)
[    0.009720] ACPI: SSDT 0x000000006ADA5F68 00046C (v02 INTEL  ADDRXLAT 00000001 INTL 20140828)
[    0.009722] ACPI: MCFG 0x000000006ADA63D8 00003C (v01 ALASKA A M I    01072009 MSFT 00000097)
[    0.009724] ACPI: HPET 0x000000006ADA6418 000038 (v01 ALASKA A M I    00000001 INTL 20091013)
[    0.009727] ACPI: APIC 0x000000006ADA6450 000C5E (v03 ALASKA A M I    00000000 INTL 20091013)
[    0.009729] ACPI: MIGT 0x000000006ADA70B0 000040 (v01 ALASKA A M I    00000000 INTL 20091013)
[    0.009731] ACPI: MSCT 0x000000006ADA70F0 000064 (v01 ALASKA A M I    00000001 INTL 20091013)
[    0.009733] ACPI: PCAT 0x000000006ADA7158 000088 (v02 ALASKA A M I    00000002 INTL 20091013)
[    0.009735] ACPI: PCCT 0x000000006ADA71E0 00006E (v01 ALASKA A M I    00000002 INTL 20091013)
[    0.009737] ACPI: RASF 0x000000006ADA7250 000030 (v01 ALASKA A M I    00000001 INTL 20091013)
[    0.009739] ACPI: SLIT 0x000000006ADA7280 00012C (v01 ALASKA A M I    00000001 INTL 20091013)
[    0.009741] ACPI: SRAT 0x000000006ADA73B0 0016B0 (v03 ALASKA A M I    00000002 INTL 20091013)
[    0.009744] ACPI: SVOS 0x000000006ADA8A60 000032 (v01 ALASKA A M I    00000000 INTL 20091013)
[    0.009746] ACPI: WDDT 0x000000006ADA8A98 000040 (v01 ALASKA A M I    00000000 INTL 20091013)
[    0.009748] ACPI: OEM4 0x000000006ADA8AD8 0513F4 (v02 INTEL  CPU  CST 00003000 INTL 20140828)
[    0.009750] ACPI: OEM2 0x000000006ADF9ED0 017554 (v02 INTEL  CPU  HWP 00003000 INTL 20140828)
[    0.009752] ACPI: SSDT 0x000000006AE11428 019D00 (v02 INTEL  SSDT  PM 00004000 INTL 20140828)
[    0.009755] ACPI: SSDT 0x000000006AE2B128 00065B (v02 ALASKA A M I    00000000 INTL 20091013)
[    0.009757] ACPI: SPCR 0x000000006AE2B788 000050 (v02 A M I  APTIO V  01072009 AMI. 0005000E)
[    0.009759] ACPI: TPM2 0x000000006AE2B7D8 000034 (v04 ALASKA A M I    00000001 AMI  00000000)
[    0.009761] ACPI: SSDT 0x000000006AE2B810 001B4E (v02 INTEL  SpsNm    00000002 INTL 20140828)
[    0.009763] ACPI: DMAR 0x000000006AE2D360 000260 (v01 ALASKA A M I    00000001 INTL 20091013)
[    0.009765] ACPI: HEST 0x000000006AE2D5C0 0000A8 (v01 ALASKA A M I    00000001 INTL 00000001)
[    0.009768] ACPI: BERT 0x000000006AE2D668 000030 (v01 ALASKA A M I    00000001 INTL 00000001)
[    0.009770] ACPI: ERST 0x000000006AE2D698 000230 (v01 ALASKA A M I    00000001 INTL 00000001)
[    0.009772] ACPI: EINJ 0x000000006AE2D8C8 000150 (v01 ALASKA A M I    00000001 INTL 00000001)
[    0.009774] ACPI: WSMT 0x000000006AE2DA18 000028 (v01 ALASKA A M I    01072009 AMI  00010013)
[    0.009776] ACPI: FPDT 0x000000006AE2DA40 000054 (v01 ALASKA A M I    01072009 AMI  00010013)
[    0.009778] ACPI: Reserving FACP table memory at [mem 0x6ada5d68-0x6ada5e7b]
[    0.009779] ACPI: Reserving DSDT table memory at [mem 0x6ac0a278-0x6ada5d63]
[    0.009780] ACPI: Reserving FACS table memory at [mem 0x6b125080-0x6b1250bf]
[    0.009781] ACPI: Reserving FIDT table memory at [mem 0x6ada5e80-0x6ada5f1b]
[    0.009782] ACPI: Reserving SPMI table memory at [mem 0x6ada5f20-0x6ada5f60]
[    0.009783] ACPI: Reserving SSDT table memory at [mem 0x6ada5f68-0x6ada63d3]
[    0.009783] ACPI: Reserving MCFG table memory at [mem 0x6ada63d8-0x6ada6413]
[    0.009784] ACPI: Reserving HPET table memory at [mem 0x6ada6418-0x6ada644f]
[    0.009785] ACPI: Reserving APIC table memory at [mem 0x6ada6450-0x6ada70ad]
[    0.009786] ACPI: Reserving MIGT table memory at [mem 0x6ada70b0-0x6ada70ef]
[    0.009787] ACPI: Reserving MSCT table memory at [mem 0x6ada70f0-0x6ada7153]
[    0.009788] ACPI: Reserving PCAT table memory at [mem 0x6ada7158-0x6ada71df]
[    0.009789] ACPI: Reserving PCCT table memory at [mem 0x6ada71e0-0x6ada724d]
[    0.009789] ACPI: Reserving RASF table memory at [mem 0x6ada7250-0x6ada727f]
[    0.009790] ACPI: Reserving SLIT table memory at [mem 0x6ada7280-0x6ada73ab]
[    0.009791] ACPI: Reserving SRAT table memory at [mem 0x6ada73b0-0x6ada8a5f]
[    0.009792] ACPI: Reserving SVOS table memory at [mem 0x6ada8a60-0x6ada8a91]
[    0.009793] ACPI: Reserving WDDT table memory at [mem 0x6ada8a98-0x6ada8ad7]
[    0.009794] ACPI: Reserving OEM4 table memory at [mem 0x6ada8ad8-0x6adf9ecb]
[    0.009795] ACPI: Reserving OEM2 table memory at [mem 0x6adf9ed0-0x6ae11423]
[    0.009796] ACPI: Reserving SSDT table memory at [mem 0x6ae11428-0x6ae2b127]
[    0.009797] ACPI: Reserving SSDT table memory at [mem 0x6ae2b128-0x6ae2b782]
[    0.009798] ACPI: Reserving SPCR table memory at [mem 0x6ae2b788-0x6ae2b7d7]
[    0.009798] ACPI: Reserving TPM2 table memory at [mem 0x6ae2b7d8-0x6ae2b80b]
[    0.009799] ACPI: Reserving SSDT table memory at [mem 0x6ae2b810-0x6ae2d35d]
[    0.009800] ACPI: Reserving DMAR table memory at [mem 0x6ae2d360-0x6ae2d5bf]
[    0.009801] ACPI: Reserving HEST table memory at [mem 0x6ae2d5c0-0x6ae2d667]
[    0.009802] ACPI: Reserving BERT table memory at [mem 0x6ae2d668-0x6ae2d697]
[    0.009803] ACPI: Reserving ERST table memory at [mem 0x6ae2d698-0x6ae2d8c7]
[    0.009804] ACPI: Reserving EINJ table memory at [mem 0x6ae2d8c8-0x6ae2da17]
[    0.009805] ACPI: Reserving WSMT table memory at [mem 0x6ae2da18-0x6ae2da3f]
[    0.009806] ACPI: Reserving FPDT table memory at [mem 0x6ae2da40-0x6ae2da93]
[    0.009814] ACPI: Local APIC address 0xfee00000
[    0.009875] SRAT: PXM 0 -> APIC 0x00 -> Node 0
[    0.009876] SRAT: PXM 0 -> APIC 0x02 -> Node 0
[    0.009877] SRAT: PXM 0 -> APIC 0x04 -> Node 0
[    0.009877] SRAT: PXM 0 -> APIC 0x06 -> Node 0
[    0.009878] SRAT: PXM 0 -> APIC 0x08 -> Node 0
[    0.009879] SRAT: PXM 0 -> APIC 0x0a -> Node 0
[    0.009879] SRAT: PXM 0 -> APIC 0x0c -> Node 0
[    0.009880] SRAT: PXM 0 -> APIC 0x12 -> Node 0
[    0.009880] SRAT: PXM 0 -> APIC 0x14 -> Node 0
[    0.009881] SRAT: PXM 0 -> APIC 0x16 -> Node 0
[    0.009882] SRAT: PXM 0 -> APIC 0x18 -> Node 0
[    0.009882] SRAT: PXM 0 -> APIC 0x1a -> Node 0
[    0.009883] SRAT: PXM 0 -> APIC 0x20 -> Node 0
[    0.009883] SRAT: PXM 0 -> APIC 0x22 -> Node 0
[    0.009884] SRAT: PXM 0 -> APIC 0x24 -> Node 0
[    0.009885] SRAT: PXM 0 -> APIC 0x26 -> Node 0
[    0.009885] SRAT: PXM 0 -> APIC 0x28 -> Node 0
[    0.009886] SRAT: PXM 0 -> APIC 0x2a -> Node 0
[    0.009886] SRAT: PXM 0 -> APIC 0x30 -> Node 0
[    0.009887] SRAT: PXM 0 -> APIC 0x32 -> Node 0
[    0.009888] SRAT: PXM 0 -> APIC 0x34 -> Node 0
[    0.009888] SRAT: PXM 0 -> APIC 0x36 -> Node 0
[    0.009889] SRAT: PXM 0 -> APIC 0x38 -> Node 0
[    0.009889] SRAT: PXM 0 -> APIC 0x3a -> Node 0
[    0.009890] SRAT: PXM 1 -> APIC 0x40 -> Node 1
[    0.009891] SRAT: PXM 1 -> APIC 0x42 -> Node 1
[    0.009891] SRAT: PXM 1 -> APIC 0x44 -> Node 1
[    0.009892] SRAT: PXM 1 -> APIC 0x46 -> Node 1
[    0.009893] SRAT: PXM 1 -> APIC 0x48 -> Node 1
[    0.009893] SRAT: PXM 1 -> APIC 0x4a -> Node 1
[    0.009894] SRAT: PXM 1 -> APIC 0x4c -> Node 1
[    0.009894] SRAT: PXM 1 -> APIC 0x52 -> Node 1
[    0.009895] SRAT: PXM 1 -> APIC 0x54 -> Node 1
[    0.009896] SRAT: PXM 1 -> APIC 0x56 -> Node 1
[    0.009896] SRAT: PXM 1 -> APIC 0x58 -> Node 1
[    0.009897] SRAT: PXM 1 -> APIC 0x5a -> Node 1
[    0.009897] SRAT: PXM 1 -> APIC 0x60 -> Node 1
[    0.009898] SRAT: PXM 1 -> APIC 0x62 -> Node 1
[    0.009899] SRAT: PXM 1 -> APIC 0x64 -> Node 1
[    0.009899] SRAT: PXM 1 -> APIC 0x66 -> Node 1
[    0.009900] SRAT: PXM 1 -> APIC 0x68 -> Node 1
[    0.009900] SRAT: PXM 1 -> APIC 0x6a -> Node 1
[    0.009901] SRAT: PXM 1 -> APIC 0x70 -> Node 1
[    0.009901] SRAT: PXM 1 -> APIC 0x72 -> Node 1
[    0.009902] SRAT: PXM 1 -> APIC 0x74 -> Node 1
[    0.009903] SRAT: PXM 1 -> APIC 0x76 -> Node 1
[    0.009903] SRAT: PXM 1 -> APIC 0x78 -> Node 1
[    0.009904] SRAT: PXM 1 -> APIC 0x7a -> Node 1
[    0.009910] ACPI: SRAT: Node 0 PXM 0 [mem 0x00000000-0x7fffffff]
[    0.009911] ACPI: SRAT: Node 0 PXM 0 [mem 0x100000000-0xc3fffffff]
[    0.009912] ACPI: SRAT: Node 1 PXM 1 [mem 0xc40000000-0x183fffffff]
[    0.009918] NUMA: Initialized distance table, cnt=2
[    0.009919] NUMA: Node 0 [mem 0x00000000-0x7fffffff] + [mem 0x100000000-0xc3fffffff] -> [mem 0x00000000-0xc3fffffff]
[    0.009928] NODE_DATA(0) allocated [mem 0xc3ffd5000-0xc3fffffff]
[    0.009953] NODE_DATA(1) allocated [mem 0x183ffd4000-0x183fffefff]
[    0.010205] Zone ranges:
[    0.010206]   DMA      [mem 0x0000000000001000-0x0000000000ffffff]
[    0.010208]   DMA32    [mem 0x0000000001000000-0x00000000ffffffff]
[    0.010209]   Normal   [mem 0x0000000100000000-0x000000183fffffff]
[    0.010210]   Device   empty
[    0.010211] Movable zone start for each node
[    0.010213] Early memory node ranges
[    0.010214]   node   0: [mem 0x0000000000001000-0x000000000003dfff]
[    0.010215]   node   0: [mem 0x0000000000040000-0x000000000009dfff]
[    0.010216]   node   0: [mem 0x0000000000100000-0x0000000067366fff]
[    0.010217]   node   0: [mem 0x0000000069d53000-0x000000006a606fff]
[    0.010217]   node   0: [mem 0x000000006dd69000-0x000000006fffffff]
[    0.010218]   node   0: [mem 0x0000000100000000-0x0000000c3fffffff]
[    0.010222]   node   1: [mem 0x0000000c40000000-0x000000183fffffff]
[    0.010444] Zeroed struct page in unavailable ranges: 25011 pages
[    0.010445] Initmem setup node 0 [mem 0x0000000000001000-0x0000000c3fffffff]
[    0.010447] On node 0 totalpages: 12230221
[    0.010448]   DMA zone: 64 pages used for memmap
[    0.010449]   DMA zone: 22 pages reserved
[    0.010449]   DMA zone: 3995 pages, LIFO batch:0
[    0.010505]   DMA32 zone: 6715 pages used for memmap
[    0.010506]   DMA32 zone: 429746 pages, LIFO batch:63
[    0.019048]   Normal zone: 184320 pages used for memmap
[    0.019049]   Normal zone: 11796480 pages, LIFO batch:63
[    0.168724] Initmem setup node 1 [mem 0x0000000c40000000-0x000000183fffffff]
[    0.168726] On node 1 totalpages: 12582912
[    0.168726]   Normal zone: 196608 pages used for memmap
[    0.168727]   Normal zone: 12582912 pages, LIFO batch:63
[    0.344239] ACPI: PM-Timer IO Port: 0x508
[    0.344241] ACPI: Local APIC address 0xfee00000
[    0.344254] ACPI: X2APIC_NMI (uid[0xffffffff] high level lint[0x1])
[    0.344257] ACPI: LAPIC_NMI (acpi_id[0xff] dfl edge lint[0x1])
[    0.344274] IOAPIC[0]: apic_id 8, version 32, address 0xfec00000, GSI 0-23
[    0.344278] IOAPIC[1]: apic_id 9, version 32, address 0xfec01000, GSI 24-31
[    0.344282] IOAPIC[2]: apic_id 10, version 32, address 0xfec08000, GSI 32-39
[    0.344286] IOAPIC[3]: apic_id 11, version 32, address 0xfec10000, GSI 40-47
[    0.344289] IOAPIC[4]: apic_id 12, version 32, address 0xfec18000, GSI 48-55
[    0.344294] IOAPIC[5]: apic_id 15, version 32, address 0xfec20000, GSI 72-79
[    0.344298] IOAPIC[6]: apic_id 16, version 32, address 0xfec28000, GSI 80-87
[    0.344302] IOAPIC[7]: apic_id 17, version 32, address 0xfec30000, GSI 88-95
[    0.344306] IOAPIC[8]: apic_id 18, version 32, address 0xfec38000, GSI 96-103
[    0.344309] ACPI: INT_SRC_OVR (bus 0 bus_irq 0 global_irq 2 dfl dfl)
[    0.344310] ACPI: INT_SRC_OVR (bus 0 bus_irq 9 global_irq 9 high level)
[    0.344312] ACPI: IRQ0 used by override.
[    0.344313] ACPI: IRQ9 used by override.
[    0.344315] Using ACPI (MADT) for SMP configuration information
[    0.344317] ACPI: HPET id: 0x8086a701 base: 0xfed00000
[    0.344320] ACPI: SPCR: console: uart,io,0x3f8,115200
[    0.344321] TSC deadline timer available
[    0.344323] smpboot: Allowing 48 CPUs, 0 hotplug CPUs
[    0.344343] PM: Registered nosave memory: [mem 0x00000000-0x00000fff]
[    0.344345] PM: Registered nosave memory: [mem 0x0003e000-0x0003ffff]
[    0.344346] PM: Registered nosave memory: [mem 0x0009e000-0x000fffff]
[    0.344348] PM: Registered nosave memory: [mem 0x5c2e7000-0x5c2e7fff]
[    0.344349] PM: Registered nosave memory: [mem 0x5c2f6000-0x5c2f6fff]
[    0.344350] PM: Registered nosave memory: [mem 0x5c2f7000-0x5c2f7fff]
[    0.344352] PM: Registered nosave memory: [mem 0x5c307000-0x5c307fff]
[    0.344352] PM: Registered nosave memory: [mem 0x5c308000-0x5c308fff]
[    0.344354] PM: Registered nosave memory: [mem 0x5c310000-0x5c310fff]
[    0.344354] PM: Registered nosave memory: [mem 0x5c311000-0x5c311fff]
[    0.344356] PM: Registered nosave memory: [mem 0x5c348000-0x5c348fff]
[    0.344356] PM: Registered nosave memory: [mem 0x5c349000-0x5c349fff]
[    0.344358] PM: Registered nosave memory: [mem 0x5c359000-0x5c359fff]
[    0.344360] PM: Registered nosave memory: [mem 0x6557a000-0x6557afff]
[    0.344362] PM: Registered nosave memory: [mem 0x67367000-0x69d52fff]
[    0.344363] PM: Registered nosave memory: [mem 0x6a607000-0x6b168fff]
[    0.344364] PM: Registered nosave memory: [mem 0x6b169000-0x6dd68fff]
[    0.344366] PM: Registered nosave memory: [mem 0x70000000-0x8fffffff]
[    0.344366] PM: Registered nosave memory: [mem 0x90000000-0xfcffffff]
[    0.344367] PM: Registered nosave memory: [mem 0xfd000000-0xfe7fffff]
[    0.344368] PM: Registered nosave memory: [mem 0xfe800000-0xfed1ffff]
[    0.344368] PM: Registered nosave memory: [mem 0xfed20000-0xfed44fff]
[    0.344369] PM: Registered nosave memory: [mem 0xfed45000-0xfeffffff]
[    0.344369] PM: Registered nosave memory: [mem 0xff000000-0xffffffff]
[    0.344371] [mem 0x90000000-0xfcffffff] available for PCI devices
[    0.344373] Booting paravirtualized kernel on bare hardware
[    0.344375] clocksource: refined-jiffies: mask: 0xffffffff max_cycles: 0xffffffff, max_idle_ns: 7645519600211568 ns
[    0.344382] setup_percpu: NR_CPUS:8192 nr_cpumask_bits:48 nr_cpu_ids:48 nr_node_ids:2
[    0.347369] percpu: Embedded 60 pages/cpu s208896 r8192 d28672 u262144
[    0.347377] pcpu-alloc: s208896 r8192 d28672 u262144 alloc=1*2097152
[    0.347378] pcpu-alloc: [0] 00 01 02 03 04 05 06 07 [0] 08 09 10 11 12 13 14 15 
[    0.347382] pcpu-alloc: [0] 16 17 18 19 20 21 22 23 [1] 24 25 26 27 28 29 30 31 
[    0.347385] pcpu-alloc: [1] 32 33 34 35 36 37 38 39 [1] 40 41 42 43 44 45 46 47 
[    0.347422] Built 2 zonelists, mobility grouping on.  Total pages: 24425404
[    0.347423] Policy zone: Normal
[    0.347424] Kernel command line: BOOT_IMAGE=/boot/vmlinuz-5.4.0-137-generic root=UUID=c73a625e-27d8-48ff-889d-570d39618019 ro console=tty1 console=ttyS1,115200 pci=realloc,assign-busses acpi.debug_layer=0x400
[    0.347510] printk: log_buf_len individual max cpu contribution: 4096 bytes
[    0.347511] printk: log_buf_len total cpu_extra contributions: 192512 bytes
[    0.347511] printk: log_buf_len min size: 262144 bytes
[    0.347671] printk: log_buf_len: 524288 bytes
[    0.347672] printk: early log buf free: 238264(90%)
[    0.348082] mem auto-init: stack:off, heap alloc:on, heap free:off
[    0.357336] Calgary: detecting Calgary via BIOS EBDA area
[    0.357337] Calgary: Unable to locate Rio Grande table in EBDA - bailing!
[    0.572002] Memory: 97407520K/99252532K available (14339K kernel code, 2375K rwdata, 9464K rodata, 2740K init, 4988K bss, 1845012K reserved, 0K cma-reserved)
[    0.572647] SLUB: HWalign=64, Order=0-3, MinObjects=0, CPUs=48, Nodes=2
[    0.572683] ftrace: allocating 44349 entries in 174 pages
[    0.589866] rcu: Hierarchical RCU implementation.
[    0.589868] rcu: 	RCU restricting CPUs from NR_CPUS=8192 to nr_cpu_ids=48.
[    0.589869] 	Tasks RCU enabled.
[    0.589871] rcu: RCU calculated value of scheduler-enlistment delay is 25 jiffies.
[    0.589871] rcu: Adjusting geometry for rcu_fanout_leaf=16, nr_cpu_ids=48
[    0.592327] NR_IRQS: 524544, nr_irqs: 2168, preallocated irqs: 16
[    0.592616] random: crng init done
[    0.592689] Console: colour dummy device 80x25
[    0.593024] printk: console [tty1] enabled
[    2.481528] printk: console [ttyS1] enabled
[    2.485805] mempolicy: Enabling automatic NUMA balancing. Configure with numa_balancing= or the kernel.numa_balancing sysctl
[    2.497009] ACPI: Core revision 20190816
[    2.502498] clocksource: hpet: mask: 0xffffffff max_cycles: 0xffffffff, max_idle_ns: 79635855245 ns
[    2.511578] APIC: Switch to symmetric I/O mode setup
[    2.516556] DMAR: Host address width 46
[    2.520403] DMAR: DRHD base: 0x000000d37fc000 flags: 0x0
[    2.525731] DMAR: dmar0: reg_base_addr d37fc000 ver 1:0 cap 8d2078c106f0466 ecap f020df
[    2.533743] DMAR: DRHD base: 0x000000e0ffc000 flags: 0x0
[    2.539066] DMAR: dmar1: reg_base_addr e0ffc000 ver 1:0 cap 8d2078c106f0466 ecap f020df
[    2.547080] DMAR: DRHD base: 0x000000ee7fc000 flags: 0x0
[    2.552402] DMAR: dmar2: reg_base_addr ee7fc000 ver 1:0 cap 8d2078c106f0466 ecap f020df
[    2.560410] DMAR: DRHD base: 0x000000fbffc000 flags: 0x0
[    2.565732] DMAR: dmar3: reg_base_addr fbffc000 ver 1:0 cap 8d2078c106f0466 ecap f020df
[    2.573738] DMAR: DRHD base: 0x000000aaffc000 flags: 0x0
[    2.579061] DMAR: dmar4: reg_base_addr aaffc000 ver 1:0 cap 8d2078c106f0466 ecap f020df
[    2.587068] DMAR: DRHD base: 0x000000b87fc000 flags: 0x0
[    2.592390] DMAR: dmar5: reg_base_addr b87fc000 ver 1:0 cap 8d2078c106f0466 ecap f020df
[    2.600397] DMAR: DRHD base: 0x000000c5ffc000 flags: 0x0
[    2.605718] DMAR: dmar6: reg_base_addr c5ffc000 ver 1:0 cap 8d2078c106f0466 ecap f020df
[    2.613726] DMAR: DRHD base: 0x0000009d7fc000 flags: 0x1
[    2.619052] DMAR: dmar7: reg_base_addr 9d7fc000 ver 1:0 cap 8d2078c106f0466 ecap f020df
[    2.627065] DMAR: RMRR base: 0x0000006d862000 end: 0x0000006d874fff
[    2.633339] DMAR: ATSR flags: 0x0
[    2.636668] DMAR: ATSR flags: 0x0
[    2.639996] DMAR: RHSA base: 0x0000009d7fc000 proximity domain: 0x0
[    2.646269] DMAR: RHSA base: 0x000000aaffc000 proximity domain: 0x0
[    2.652543] DMAR: RHSA base: 0x000000b87fc000 proximity domain: 0x0
[    2.658820] DMAR: RHSA base: 0x000000c5ffc000 proximity domain: 0x0
[    2.665094] DMAR: RHSA base: 0x000000d37fc000 proximity domain: 0x1
[    2.671368] DMAR: RHSA base: 0x000000e0ffc000 proximity domain: 0x1
[    2.677641] DMAR: RHSA base: 0x000000ee7fc000 proximity domain: 0x1
[    2.683918] DMAR: RHSA base: 0x000000fbffc000 proximity domain: 0x1
[    2.690193] DMAR-IR: IOAPIC id 12 under DRHD base  0xc5ffc000 IOMMU 6
[    2.696640] DMAR-IR: IOAPIC id 11 under DRHD base  0xb87fc000 IOMMU 5
[    2.703089] DMAR-IR: IOAPIC id 10 under DRHD base  0xaaffc000 IOMMU 4
[    2.709537] DMAR-IR: IOAPIC id 18 under DRHD base  0xfbffc000 IOMMU 3
[    2.715984] DMAR-IR: IOAPIC id 17 under DRHD base  0xee7fc000 IOMMU 2
[    2.722432] DMAR-IR: IOAPIC id 16 under DRHD base  0xe0ffc000 IOMMU 1
[    2.728879] DMAR-IR: IOAPIC id 15 under DRHD base  0xd37fc000 IOMMU 0
[    2.735330] DMAR-IR: IOAPIC id 8 under DRHD base  0x9d7fc000 IOMMU 7
[    2.741692] DMAR-IR: IOAPIC id 9 under DRHD base  0x9d7fc000 IOMMU 7
[    2.748052] DMAR-IR: HPET id 0 under DRHD base 0x9d7fc000
[    2.753459] DMAR-IR: Queued invalidation will be enabled to support x2apic and Intr-remapping.
[    2.763865] DMAR-IR: Enabled IRQ remapping in x2apic mode
[    2.769266] x2apic enabled
[    2.771998] Switched APIC routing to cluster x2apic.
[    2.778003] ..TIMER: vector=0x30 apic1=0 pin1=2 apic2=-1 pin2=-1
[    2.803561] clocksource: tsc-early: mask: 0xffffffffffffffff max_cycles: 0x22983777dd9, max_idle_ns: 440795300422 ns
[    2.814074] Calibrating delay loop (skipped), value calculated using timer frequency.. 4800.00 BogoMIPS (lpj=9600000)
[    2.818073] pid_max: default: 49152 minimum: 384
[    2.827517] LSM: Security Framework initializing
[    2.830089] Yama: becoming mindful.
[    2.834255] AppArmor: AppArmor initialized
[    2.849956] Dentry cache hash table entries: 8388608 (order: 14, 67108864 bytes, vmalloc)
[    2.855042] Inode-cache hash table entries: 4194304 (order: 13, 33554432 bytes, vmalloc)
[    2.858282] Mount-cache hash table entries: 131072 (order: 8, 1048576 bytes, vmalloc)
[    2.862228] Mountpoint-cache hash table entries: 131072 (order: 8, 1048576 bytes, vmalloc)
[    2.866127] *** VALIDATE tmpfs ***
[    2.870367] *** VALIDATE proc ***
[    2.874226] *** VALIDATE cgroup1 ***
[    2.878074] *** VALIDATE cgroup2 ***
[    2.882077] mce: CPU0: Thermal monitoring enabled (TM1)
[    2.886249] process: using mwait in idle threads
[    2.890075] Last level iTLB entries: 4KB 128, 2MB 8, 4MB 8
[    2.894073] Last level dTLB entries: 4KB 64, 2MB 0, 4MB 0, 1GB 4
[    2.898077] Spectre V1 : Mitigation: usercopy/swapgs barriers and __user pointer sanitization
[    2.902074] Spectre V2 : Mitigation: Enhanced IBRS
[    2.906073] Spectre V2 : Spectre v2 / SpectreRSB mitigation: Filling RSB on context switch
[    2.910073] Spectre V2 : Spectre v2 / PBRSB-eIBRS: Retire a single CALL on VMEXIT
[    2.914073] RETBleed: Mitigation: Enhanced IBRS
[    2.918074] Spectre V2 : mitigation: Enabling conditional Indirect Branch Prediction Barrier
[    2.922074] Speculative Store Bypass: Mitigation: Speculative Store Bypass disabled via prctl and seccomp
[    2.926076] TAA: Mitigation: TSX disabled
[    2.930073] MMIO Stale Data: Mitigation: Clear CPU buffers
[    2.934344] Freeing SMP alternatives memory: 40K
[    2.944227] smpboot: CPU0: Intel(R) Xeon(R) Gold 6240R CPU @ 2.40GHz (family: 0x6, model: 0x55, stepping: 0x7)
[    2.946223] Performance Events: PEBS fmt3+, Skylake events, 32-deep LBR, full-width counters, Intel PMU driver.
[    2.950075] ... version:                4
[    2.954073] ... bit width:              48
[    2.958073] ... generic registers:      8
[    2.962073] ... value mask:             0000ffffffffffff
[    2.966073] ... max period:             00007fffffffffff
[    2.970073] ... fixed-purpose events:   3
[    2.974073] ... event mask:             00000007000000ff
[    2.978142] rcu: Hierarchical SRCU implementation.
[    2.986022] NMI watchdog: Enabled. Permanently consumes one hw-PMU counter.
[    2.986685] smp: Bringing up secondary CPUs ...
[    2.990176] x86: Booting SMP configuration:
[    2.994075] .... node  #0, CPUs:        #1  #2  #3  #4  #5  #6  #7  #8  #9 #10 #11 #12 #13 #14 #15 #16 #17 #18 #19 #20 #21 #22 #23
[    3.170075] .... node  #1, CPUs:   #24
[    2.025464] smpboot: CPU 24 Converting physical 0 to logical die 1
[    3.270224]  #25 #26 #27 #28 #29 #30 #31 #32 #33 #34 #35 #36 #37 #38 #39 #40 #41 #42 #43 #44 #45 #46 #47
[    3.446984] smp: Brought up 2 nodes, 48 CPUs
[    3.454074] smpboot: Max logical packages: 2
[    3.458075] smpboot: Total of 48 processors activated (230444.76 BogoMIPS)
[    3.469924] devtmpfs: initialized
[    3.470125] x86/mm: Memory block size: 1024MB
[    3.475059] PM: Registering ACPI NVS region [mem 0x6a607000-0x6b168fff] (11935744 bytes)
[    3.478261] clocksource: jiffies: mask: 0xffffffff max_cycles: 0xffffffff, max_idle_ns: 7645041785100000 ns
[    3.482377] futex hash table entries: 16384 (order: 8, 1048576 bytes, vmalloc)
[    3.486257] pinctrl core: initialized pinctrl subsystem
[    3.490200] PM: RTC time: 01:56:19, date: 2023-02-14
[    3.494272] NET: Registered protocol family 16
[    3.498182] audit: initializing netlink subsys (disabled)
[    3.502095] audit: type=2000 audit(1676339776.888:1): state=initialized audit_enabled=0 res=1
[    3.502211] EISA bus registered
[    3.509235] cpuidle: using governor ladder
[    3.510110] cpuidle: using governor menu
[    3.514079] Detected 1 PCC Subspaces
[    3.517673] Registering PCC driver as Mailbox controller
[    3.518106] ACPI FADT declares the system doesn't support PCIe ASPM, so disable it
[    3.522074] ACPI: bus type PCI registered
[    3.526075] acpiphp: ACPI Hot Plug PCI Controller Driver version: 0.5
[    3.530158] PCI: MMCONFIG for domain 0000 [bus 00-ff] at [mem 0x80000000-0x8fffffff] (base 0x80000000)
[    3.534075] PCI: MMCONFIG at [mem 0x80000000-0x8fffffff] reserved in E820
[    3.538088] PCI: Using configuration type 1 for base access
[    3.543299] ENERGY_PERF_BIAS: Set to 'normal', was 'performance'
[    3.547303] HugeTLB registered 1.00 GiB page size, pre-allocated 0 pages
[    3.550076] HugeTLB registered 2.00 MiB page size, pre-allocated 0 pages
[    3.554164] fbcon: Taking over console
[    3.558138] ACPI: Added _OSI(Module Device)
[    3.562081] ACPI: Added _OSI(Processor Device)
[    3.566074] ACPI: Added _OSI(3.0 _SCP Extensions)
[    3.570073] ACPI: Added _OSI(Processor Aggregator Device)
[    3.574074] ACPI: Added _OSI(Linux-Dell-Video)
[    3.578074] ACPI: Added _OSI(Linux-Lenovo-NV-HDMI-Audio)
[    3.582073] ACPI: Added _OSI(Linux-HPI-Hybrid-Graphics)
[    3.656721] ACPI: 5 ACPI AML tables successfully acquired and loaded
[    3.662152] ACPI: [Firmware Bug]: BIOS _OSI(Linux) query ignored
[    3.686641] ACPI: Dynamic OEM Table Load:
[    3.701844] ACPI: Dynamic OEM Table Load:
[    3.795067] ACPI: Interpreter enabled
[    3.798094] ACPI: (supports S0 S5)
[    3.801500] ACPI: Using IOAPIC for interrupt routing
[    3.802164] HEST: Table parsing has been initialized.
[    3.806076] PCI: Using host bridge windows from ACPI; if necessary, use "pci=nocrs" and report a bug
[    3.816966] ACPI: Enabled 6 GPEs in block 00 to 7F
[    3.866063] ACPI: PCI Root Bridge [PC00] (domain 0000 [bus 00-16])
[    3.866078] acpi PNP0A08:00: _OSC: OS supports [ExtendedConfig ASPM ClockPM Segments MSI HPX-Type3]
[    3.870195] acpi PNP0A08:00: _OSC: platform does not support [SHPCHotplug LTR]
[    3.874186] acpi PNP0A08:00: _OSC: OS now controls [PCIeHotplug PME AER PCIeCapability]
[    3.878074] acpi PNP0A08:00: FADT indicates ASPM is unsupported, using BIOS configuration
[    3.882599] PCI host bridge to bus 0000:00
[    3.886075] pci_bus 0000:00: root bus resource [io  0x0000-0x03af window]
[    3.890074] pci_bus 0000:00: root bus resource [io  0x03e0-0x0cf7 window]
[    3.894075] pci_bus 0000:00: root bus resource [io  0x03b0-0x03bb window]
[    3.898073] pci_bus 0000:00: root bus resource [io  0x03c0-0x03df window]
[    3.902073] pci_bus 0000:00: root bus resource [io  0x1000-0x3fff window]
[    3.906074] pci_bus 0000:00: root bus resource [mem 0x000a0000-0x000bffff window]
[    3.910073] pci_bus 0000:00: root bus resource [mem 0x000c4000-0x000c7fff window]
[    3.914074] pci_bus 0000:00: root bus resource [mem 0xfe010000-0xfe010fff window]
[    3.918074] pci_bus 0000:00: root bus resource [mem 0x90000000-0x9d7fffff window]
[    3.922074] pci_bus 0000:00: root bus resource [mem 0x380000000000-0x383fffffffff window]
[    3.926074] pci_bus 0000:00: root bus resource [bus 00-16]
[    3.930085] pci 0000:00:00.0: [8086:2020] type 00 class 0x060000
[    3.934269] pci 0000:00:04.0: [8086:2021] type 00 class 0x088000
[    3.938090] pci 0000:00:04.0: reg 0x10: [mem 0x383ffff2c000-0x383ffff2ffff 64bit]
[    3.942221] pci 0000:00:04.1: [8086:2021] type 00 class 0x088000
[    3.946090] pci 0000:00:04.1: reg 0x10: [mem 0x383ffff28000-0x383ffff2bfff 64bit]
[    3.950220] pci 0000:00:04.2: [8086:2021] type 00 class 0x088000
[    3.954089] pci 0000:00:04.2: reg 0x10: [mem 0x383ffff24000-0x383ffff27fff 64bit]
[    3.958217] pci 0000:00:04.3: [8086:2021] type 00 class 0x088000
[    3.962089] pci 0000:00:04.3: reg 0x10: [mem 0x383ffff20000-0x383ffff23fff 64bit]
[    3.966217] pci 0000:00:04.4: [8086:2021] type 00 class 0x088000
[    3.970089] pci 0000:00:04.4: reg 0x10: [mem 0x383ffff1c000-0x383ffff1ffff 64bit]
[    3.974216] pci 0000:00:04.5: [8086:2021] type 00 class 0x088000
[    3.978089] pci 0000:00:04.5: reg 0x10: [mem 0x383ffff18000-0x383ffff1bfff 64bit]
[    3.982217] pci 0000:00:04.6: [8086:2021] type 00 class 0x088000
[    3.986089] pci 0000:00:04.6: reg 0x10: [mem 0x383ffff14000-0x383ffff17fff 64bit]
[    3.990216] pci 0000:00:04.7: [8086:2021] type 00 class 0x088000
[    3.994089] pci 0000:00:04.7: reg 0x10: [mem 0x383ffff10000-0x383ffff13fff 64bit]
[    3.998223] pci 0000:00:05.0: [8086:2024] type 00 class 0x088000
[    4.002218] pci 0000:00:05.2: [8086:2025] type 00 class 0x088000
[    4.006215] pci 0000:00:05.4: [8086:2026] type 00 class 0x080020
[    4.010088] pci 0000:00:05.4: reg 0x10: [mem 0x9cc24000-0x9cc24fff]
[    4.014231] pci 0000:00:08.0: [8086:2014] type 00 class 0x088000
[    4.018211] pci 0000:00:08.1: [8086:2015] type 00 class 0x110100
[    4.022200] pci 0000:00:08.2: [8086:2016] type 00 class 0x088000
[    4.026214] pci 0000:00:11.0: [8086:a1ec] type 00 class 0xff0000
[    4.030218] pci 0000:00:14.0: [8086:a1af] type 00 class 0x0c0330
[    4.034102] pci 0000:00:14.0: reg 0x10: [mem 0x383ffff00000-0x383ffff0ffff 64bit]
[    4.038157] pci 0000:00:14.0: PME# supported from D3hot D3cold
[    4.042233] pci 0000:00:14.2: [8086:a1b1] type 00 class 0x118000
[    4.046102] pci 0000:00:14.2: reg 0x10: [mem 0x383ffff33000-0x383ffff33fff 64bit]
[    4.050271] pci 0000:00:16.0: [8086:a1ba] type 00 class 0x078000
[    4.054109] pci 0000:00:16.0: reg 0x10: [mem 0x383ffff32000-0x383ffff32fff 64bit]
[    4.058178] pci 0000:00:16.0: PME# supported from D3hot
[    4.062196] pci 0000:00:16.1: [8086:a1bb] type 00 class 0x078000
[    4.066109] pci 0000:00:16.1: reg 0x10: [mem 0x383ffff31000-0x383ffff31fff 64bit]
[    4.070178] pci 0000:00:16.1: PME# supported from D3hot
[    4.074193] pci 0000:00:16.4: [8086:a1be] type 00 class 0x078000
[    4.078109] pci 0000:00:16.4: reg 0x10: [mem 0x383ffff30000-0x383ffff30fff 64bit]
[    4.082178] pci 0000:00:16.4: PME# supported from D3hot
[    4.086195] pci 0000:00:1c.0: [8086:a190] type 01 class 0x060400
[    4.090158] pci 0000:00:1c.0: PME# supported from D0 D3hot D3cold
[    4.094264] pci 0000:00:1c.4: [8086:a194] type 01 class 0x060400
[    4.098160] pci 0000:00:1c.4: PME# supported from D0 D3hot D3cold
[    4.102255] pci 0000:00:1c.5: [8086:a195] type 01 class 0x060400
[    4.106158] pci 0000:00:1c.5: PME# supported from D0 D3hot D3cold
[    4.110257] pci 0000:00:1d.0: [8086:a198] type 01 class 0x060400
[    4.114155] pci 0000:00:1d.0: PME# supported from D0 D3hot D3cold
[    4.118253] pci 0000:00:1d.2: [8086:a19a] type 01 class 0x060400
[    4.122157] pci 0000:00:1d.2: PME# supported from D0 D3hot D3cold
[    4.126262] pci 0000:00:1f.0: [8086:a1c1] type 00 class 0x060100
[    4.130308] pci 0000:00:1f.2: [8086:a1a1] type 00 class 0x058000
[    4.134091] pci 0000:00:1f.2: reg 0x10: [mem 0x9cc20000-0x9cc23fff]
[    4.138257] pci 0000:00:1f.4: [8086:a1a3] type 00 class 0x0c0500
[    4.142102] pci 0000:00:1f.4: reg 0x10: [mem 0x00000000-0x000000ff 64bit]
[    4.146109] pci 0000:00:1f.4: reg 0x20: [io  0x0780-0x079f]
[    4.150206] pci 0000:00:1f.5: [8086:a1a4] type 00 class 0x0c8000
[    4.154095] pci 0000:00:1f.5: reg 0x10: [mem 0xfe010000-0xfe010fff]
[    4.158261] pci 0000:00:1f.6: [8086:15b9] type 00 class 0x020000
[    4.162105] pci 0000:00:1f.6: reg 0x10: [mem 0x9cc00000-0x9cc1ffff]
[    4.166201] pci 0000:00:1f.6: PME# supported from D0 D3hot D3cold
[    4.170311] pci 0000:01:00.0: [1d6a:07b1] type 00 class 0x020000
[    4.174107] pci 0000:01:00.0: reg 0x10: [mem 0x9c840000-0x9c84ffff 64bit]
[    4.178091] pci 0000:01:00.0: reg 0x18: [mem 0x9c850000-0x9c850fff 64bit]
[    4.182091] pci 0000:01:00.0: reg 0x20: [mem 0x9c400000-0x9c7fffff 64bit]
[    4.186085] pci 0000:01:00.0: reg 0x30: [mem 0x9c800000-0x9c83ffff pref]
[    4.190079] pci 0000:01:00.0: enabling Extended Tags
[    4.194126] pci 0000:01:00.0: supports D1 D2
[    4.198074] pci 0000:01:00.0: PME# supported from D0 D1 D2 D3hot
[    4.202141] pci 0000:00:1c.0: PCI bridge to [bus 01-16]
[    4.206076] pci 0000:00:1c.0:   bridge window [mem 0x9c400000-0x9c8fffff]
[    4.210077] pci_bus 0000:01: busn_res: [bus 01-16] end is updated to 01
[    4.214118] pci 0000:00:1c.4: PCI bridge to [bus 02-16]
[    4.218079] pci_bus 0000:02: busn_res: [bus 02-16] end is updated to 02
[    4.222129] pci 0000:03:00.0: [8086:37c0] type 01 class 0x060400
[    4.226106] pci 0000:03:00.0: reg 0x10: [mem 0x9cb00000-0x9cb1ffff 64bit]
[    4.230086] pci 0000:03:00.0: reg 0x38: [mem 0x9c900000-0x9c9fffff pref]
[    4.234133] pci 0000:03:00.0: PME# supported from D0 D3hot D3cold
[    4.238161] pci 0000:00:1c.5: PCI bridge to [bus 03-16]
[    4.242076] pci 0000:00:1c.5:   bridge window [mem 0x9c900000-0x9cbfffff]
[    4.246077] pci 0000:00:1c.5:   bridge window [mem 0x383ffe000000-0x383fff9fffff 64bit pref]
[    4.250159] pci 0000:04:03.0: [8086:37c5] type 01 class 0x060400
[    4.254193] pci 0000:04:03.0: PME# supported from D0 D3hot D3cold
[    4.258172] pci 0000:03:00.0: PCI bridge to [bus 04-16]
[    4.262078] pci 0000:03:00.0:   bridge window [mem 0x9ca00000-0x9cafffff]
[    4.266078] pci 0000:03:00.0:   bridge window [mem 0x383ffe000000-0x383fff9fffff 64bit pref]
[    4.270162] pci 0000:05:00.0: [8086:37ce] type 00 class 0x020000
[    4.274114] pci 0000:05:00.0: reg 0x10: [mem 0x383ffe000000-0x383ffeffffff 64bit pref]
[    4.278108] pci 0000:05:00.0: reg 0x1c: [mem 0x383fff800000-0x383fff807fff 64bit pref]
[    4.282101] pci 0000:05:00.0: reg 0x30: [mem 0x9ca00000-0x9ca7ffff pref]
[    4.286157] pci 0000:05:00.0: PME# supported from D0 D3hot D3cold
[    4.290116] pci 0000:05:00.0: reg 0x184: [mem 0x383fff000000-0x383fff01ffff 64bit pref]
[    4.294074] pci 0000:05:00.0: VF(n) BAR0 space: [mem 0x383fff000000-0x383fff7fffff 64bit pref] (contains BAR0 for 64 VFs)
[    4.298098] pci 0000:05:00.0: reg 0x190: [mem 0x383fff808000-0x383fff80bfff 64bit pref]
[    4.302074] pci 0000:05:00.0: VF(n) BAR3 space: [mem 0x383fff808000-0x383fff907fff 64bit pref] (contains BAR3 for 64 VFs)
[    4.306375] pci 0000:04:03.0: PCI bridge to [bus 05-16]
[    4.310078] pci 0000:04:03.0:   bridge window [mem 0x9ca00000-0x9cafffff]
[    4.314078] pci 0000:04:03.0:   bridge window [mem 0x383ffe000000-0x383fff9fffff 64bit pref]
[    4.318074] pci_bus 0000:05: busn_res: [bus 05-16] end is updated to 05
[    4.322079] pci_bus 0000:04: busn_res: [bus 04-16] end is updated to 05
[    4.326078] pci_bus 0000:03: busn_res: [bus 03-16] end is updated to 05
[    4.330118] pci 0000:00:1d.0: PCI bridge to [bus 06-16]
[    4.334079] pci_bus 0000:06: busn_res: [bus 06-16] end is updated to 06
[    4.338132] pci 0000:07:00.0: [1a03:1150] type 01 class 0x060400
[    4.342148] pci 0000:07:00.0: enabling Extended Tags
[    4.346132] pci 0000:07:00.0: supports D1 D2
[    4.350073] pci 0000:07:00.0: PME# supported from D0 D1 D2 D3hot D3cold
[    4.354157] pci 0000:00:1d.2: PCI bridge to [bus 07-16]
[    4.358075] pci 0000:00:1d.2:   bridge window [io  0x3000-0x3fff]
[    4.362075] pci 0000:00:1d.2:   bridge window [mem 0x9b000000-0x9c0fffff]
[    4.366128] pci_bus 0000:08: extended config space not accessible
[    4.370101] pci 0000:08:00.0: [1a03:2000] type 00 class 0x030000
[    4.374100] pci 0000:08:00.0: reg 0x10: [mem 0x9b000000-0x9bffffff]
[    4.378088] pci 0000:08:00.0: reg 0x14: [mem 0x9c000000-0x9c01ffff]
[    4.382088] pci 0000:08:00.0: reg 0x18: [io  0x3000-0x307f]
[    4.386142] pci 0000:08:00.0: BAR 0: assigned to efifb
[    4.390111] pci 0000:08:00.0: supports D1 D2
[    4.394073] pci 0000:08:00.0: PME# supported from D0 D1 D2 D3hot D3cold
[    4.398166] pci 0000:07:00.0: PCI bridge to [bus 08-16]
[    4.402078] pci 0000:07:00.0:   bridge window [io  0x3000-0x3fff]
[    4.406076] pci 0000:07:00.0:   bridge window [mem 0x9b000000-0x9c0fffff]
[    4.410078] pci_bus 0000:08: busn_res: [bus 08-16] end is updated to 08
[    4.414079] pci_bus 0000:07: busn_res: [bus 07-16] end is updated to 08
[    4.418078] pci_bus 0000:00: on NUMA node 0
[    4.418853] ACPI: PCI Root Bridge [PC01] (domain 0000 [bus 17-39])
[    4.422076] acpi PNP0A08:01: _OSC: OS supports [ExtendedConfig ASPM ClockPM Segments MSI HPX-Type3]
[    4.426494] acpi PNP0A08:01: _OSC: platform does not support [SHPCHotplug LTR]
[    4.430347] acpi PNP0A08:01: _OSC: OS now controls [PCIeHotplug PME AER PCIeCapability]
[    4.434073] acpi PNP0A08:01: FADT indicates ASPM is unsupported, using BIOS configuration
[    4.438343] PCI host bridge to bus 0000:17
[    4.442075] pci_bus 0000:17: root bus resource [io  0x4000-0x5fff window]
[    4.446074] pci_bus 0000:17: root bus resource [mem 0x9d800000-0xaaffffff window]
[    4.450074] pci_bus 0000:17: root bus resource [mem 0x384000000000-0x387fffffffff window]
[    4.454074] pci_bus 0000:17: root bus resource [bus 17-39]
[    4.458081] pci 0000:17:00.0: [8086:2030] type 01 class 0x060400
[    4.462118] pci 0000:17:00.0: enabling Extended Tags
[    4.466104] pci 0000:17:00.0: PME# supported from D0 D3hot D3cold
[    4.470156] pci 0000:17:02.0: [8086:2032] type 01 class 0x060400
[    4.474117] pci 0000:17:02.0: enabling Extended Tags
[    4.478102] pci 0000:17:02.0: PME# supported from D0 D3hot D3cold
[    4.482174] pci 0000:17:03.0: [8086:2033] type 01 class 0x060400
[    4.486117] pci 0000:17:03.0: enabling Extended Tags
[    4.490103] pci 0000:17:03.0: PME# supported from D0 D3hot D3cold
[    4.494149] pci 0000:17:05.0: [8086:2034] type 00 class 0x088000
[    4.498177] pci 0000:17:05.2: [8086:2035] type 00 class 0x088000
[    4.502168] pci 0000:17:05.4: [8086:2036] type 00 class 0x080020
[    4.506088] pci 0000:17:05.4: reg 0x10: [mem 0xaaf00000-0xaaf00fff]
[    4.510179] pci 0000:17:08.0: [8086:208d] type 00 class 0x088000
[    4.514156] pci 0000:17:08.1: [8086:208d] type 00 class 0x088000
[    4.518145] pci 0000:17:08.2: [8086:208d] type 00 class 0x088000
[    4.522145] pci 0000:17:08.3: [8086:208d] type 00 class 0x088000
[    4.526145] pci 0000:17:08.4: [8086:208d] type 00 class 0x088000
[    4.530144] pci 0000:17:08.5: [8086:208d] type 00 class 0x088000
[    4.534150] pci 0000:17:08.6: [8086:208d] type 00 class 0x088000
[    4.538144] pci 0000:17:08.7: [8086:208d] type 00 class 0x088000
[    4.542145] pci 0000:17:09.0: [8086:208d] type 00 class 0x088000
[    4.546155] pci 0000:17:09.1: [8086:208d] type 00 class 0x088000
[    4.550145] pci 0000:17:09.2: [8086:208d] type 00 class 0x088000
[    4.554145] pci 0000:17:09.3: [8086:208d] type 00 class 0x088000
[    4.558144] pci 0000:17:09.4: [8086:208d] type 00 class 0x088000
[    4.562144] pci 0000:17:09.5: [8086:208d] type 00 class 0x088000
[    4.566150] pci 0000:17:09.6: [8086:208d] type 00 class 0x088000
[    4.570144] pci 0000:17:09.7: [8086:208d] type 00 class 0x088000
[    4.574144] pci 0000:17:0a.0: [8086:208d] type 00 class 0x088000
[    4.578154] pci 0000:17:0a.1: [8086:208d] type 00 class 0x088000
[    4.582144] pci 0000:17:0a.2: [8086:208d] type 00 class 0x088000
[    4.586145] pci 0000:17:0a.3: [8086:208d] type 00 class 0x088000
[    4.590146] pci 0000:17:0a.4: [8086:208d] type 00 class 0x088000
[    4.594144] pci 0000:17:0a.5: [8086:208d] type 00 class 0x088000
[    4.598150] pci 0000:17:0a.6: [8086:208d] type 00 class 0x088000
[    4.602144] pci 0000:17:0a.7: [8086:208d] type 00 class 0x088000
[    4.606144] pci 0000:17:0b.0: [8086:208d] type 00 class 0x088000
[    4.610154] pci 0000:17:0b.1: [8086:208d] type 00 class 0x088000
[    4.614146] pci 0000:17:0b.2: [8086:208d] type 00 class 0x088000
[    4.618145] pci 0000:17:0b.3: [8086:208d] type 00 class 0x088000
[    4.622147] pci 0000:17:0e.0: [8086:208e] type 00 class 0x088000
[    4.626153] pci 0000:17:0e.1: [8086:208e] type 00 class 0x088000
[    4.630150] pci 0000:17:0e.2: [8086:208e] type 00 class 0x088000
[    4.634144] pci 0000:17:0e.3: [8086:208e] type 00 class 0x088000
[    4.638148] pci 0000:17:0e.4: [8086:208e] type 00 class 0x088000
[    4.642152] pci 0000:17:0e.5: [8086:208e] type 00 class 0x088000
[    4.646145] pci 0000:17:0e.6: [8086:208e] type 00 class 0x088000
[    4.650145] pci 0000:17:0e.7: [8086:208e] type 00 class 0x088000
[    4.654144] pci 0000:17:0f.0: [8086:208e] type 00 class 0x088000
[    4.658155] pci 0000:17:0f.1: [8086:208e] type 00 class 0x088000
[    4.662151] pci 0000:17:0f.2: [8086:208e] type 00 class 0x088000
[    4.666144] pci 0000:17:0f.3: [8086:208e] type 00 class 0x088000
[    4.670144] pci 0000:17:0f.4: [8086:208e] type 00 class 0x088000
[    4.674144] pci 0000:17:0f.5: [8086:208e] type 00 class 0x088000
[    4.678144] pci 0000:17:0f.6: [8086:208e] type 00 class 0x088000
[    4.682146] pci 0000:17:0f.7: [8086:208e] type 00 class 0x088000
[    4.686145] pci 0000:17:10.0: [8086:208e] type 00 class 0x088000
[    4.690154] pci 0000:17:10.1: [8086:208e] type 00 class 0x088000
[    4.694150] pci 0000:17:10.2: [8086:208e] type 00 class 0x088000
[    4.698145] pci 0000:17:10.3: [8086:208e] type 00 class 0x088000
[    4.702145] pci 0000:17:10.4: [8086:208e] type 00 class 0x088000
[    4.706146] pci 0000:17:10.5: [8086:208e] type 00 class 0x088000
[    4.710145] pci 0000:17:10.6: [8086:208e] type 00 class 0x088000
[    4.714145] pci 0000:17:10.7: [8086:208e] type 00 class 0x088000
[    4.718145] pci 0000:17:11.0: [8086:208e] type 00 class 0x088000
[    4.722155] pci 0000:17:11.1: [8086:208e] type 00 class 0x088000
[    4.726151] pci 0000:17:11.2: [8086:208e] type 00 class 0x088000
[    4.730145] pci 0000:17:11.3: [8086:208e] type 00 class 0x088000
[    4.734154] pci 0000:17:1d.0: [8086:2054] type 00 class 0x088000
[    4.738155] pci 0000:17:1d.1: [8086:2055] type 00 class 0x088000
[    4.742146] pci 0000:17:1d.2: [8086:2056] type 00 class 0x088000
[    4.746148] pci 0000:17:1d.3: [8086:2057] type 00 class 0x088000
[    4.750148] pci 0000:17:1e.0: [8086:2080] type 00 class 0x088000
[    4.754154] pci 0000:17:1e.1: [8086:2081] type 00 class 0x088000
[    4.758152] pci 0000:17:1e.2: [8086:2082] type 00 class 0x088000
[    4.762145] pci 0000:17:1e.3: [8086:2083] type 00 class 0x088000
[    4.766179] pci 0000:17:1e.4: [8086:2084] type 00 class 0x088000
[    4.770147] pci 0000:17:1e.5: [8086:2085] type 00 class 0x088000
[    4.774146] pci 0000:17:1e.6: [8086:2086] type 00 class 0x088000
[    4.778214] pci 0000:18:00.0: [10b5:8750] type 01 class 0x060400
[    4.782096] pci 0000:18:00.0: reg 0x10: [mem 0xaac00000-0xaac3ffff]
[    4.786162] pci 0000:18:00.0: PME# supported from D0 D3hot D3cold
[    4.802087] pci 0000:17:00.0: PCI bridge to [bus 18-39]
[    4.806075] pci 0000:17:00.0:   bridge window [io  0x4000-0x5fff]
[    4.810075] pci 0000:17:00.0:   bridge window [mem 0xaa600000-0xaacfffff]
[    4.814076] pci 0000:17:00.0:   bridge window [mem 0x387ffd000000-0x387fffcfffff 64bit pref]
[    4.818119] pci 0000:19:01.0: [10b5:8750] type 01 class 0x060400
[    4.822131] pci 0000:19:01.0: Max Payload Size set to 256 (was 128, max 2048)
[    4.826130] pci 0000:19:01.0: PME# supported from D0 D3hot D3cold
[    4.830125] pci 0000:19:04.0: [10b5:8750] type 01 class 0x060400
[    4.834131] pci 0000:19:04.0: Max Payload Size set to 256 (was 128, max 2048)
[    4.838131] pci 0000:19:04.0: PME# supported from D0 D3hot D3cold
[    4.842130] pci 0000:19:05.0: [10b5:8750] type 01 class 0x060400
[    4.846133] pci 0000:19:05.0: Max Payload Size set to 256 (was 128, max 2048)
[    4.850131] pci 0000:19:05.0: PME# supported from D0 D3hot D3cold
[    4.854131] pci 0000:19:08.0: [10b5:8750] type 01 class 0x060400
[    4.858185] pci 0000:19:08.0: PME# supported from D0 D3hot D3cold
[    4.862123] pci 0000:19:09.0: [10b5:8750] type 01 class 0x060400
[    4.866131] pci 0000:19:09.0: Max Payload Size set to 256 (was 128, max 2048)
[    4.870131] pci 0000:19:09.0: PME# supported from D0 D3hot D3cold
[    4.874134] pci 0000:18:00.0: PCI bridge to [bus 19-39]
[    4.878076] pci 0000:18:00.0:   bridge window [io  0x4000-0x5fff]
[    4.882075] pci 0000:18:00.0:   bridge window [mem 0xaa600000-0xaabfffff]
[    4.886076] pci 0000:18:00.0:   bridge window [mem 0x387ffd000000-0x387fffcfffff 64bit pref]
[    4.890141] pci 0000:19:01.0: PCI bridge to [bus 1a-39]
[    4.894080] pci_bus 0000:1a: busn_res: [bus 1a-39] end is updated to 1a
[    4.898107] pci 0000:19:04.0: PCI bridge to [bus 1b-39]
[    4.902080] pci_bus 0000:1b: busn_res: [bus 1b-39] end is updated to 1b
[    4.910074] pci 0000:19:05.0: PCI bridge to [bus 1c-39]
[    4.914080] pci_bus 0000:1c: busn_res: [bus 1c-39] end is updated to 1c
[    4.918117] pci 0000:1d:00.0: [10b5:8750] type 01 class 0x060400
[    4.922103] pci 0000:1d:00.0: reg 0x10: [mem 0xaab00000-0xaab3ffff]
[    4.926192] pci 0000:1d:00.0: PME# supported from D0 D3hot D3cold
[    4.942091] pci 0000:19:08.0: PCI bridge to [bus 1d-39]
[    4.946077] pci 0000:19:08.0:   bridge window [io  0x4000-0x5fff]
[    4.950077] pci 0000:19:08.0:   bridge window [mem 0xaa600000-0xaabfffff]
[    4.954076] pci 0000:19:08.0:   bridge window [mem 0x387ffd000000-0x387fffcfffff 64bit pref]
[    4.958146] pci 0000:1e:01.0: [10b5:8750] type 01 class 0x060400
[    4.962147] pci 0000:1e:01.0: Max Payload Size set to 256 (was 128, max 512)
[    4.966153] pci 0000:1e:01.0: PME# supported from D0 D3hot D3cold
[    4.970143] pci 0000:1e:04.0: [10b5:8750] type 01 class 0x060400
[    4.974225] pci 0000:1e:04.0: PME# supported from D0 D3hot D3cold
[    4.978140] pci 0000:1e:05.0: [10b5:8750] type 01 class 0x060400
[    4.982148] pci 0000:1e:05.0: Max Payload Size set to 256 (was 128, max 512)
[    4.986155] pci 0000:1e:05.0: PME# supported from D0 D3hot D3cold
[    4.990139] pci 0000:1e:06.0: [10b5:8750] type 01 class 0x060400
[    4.994147] pci 0000:1e:06.0: Max Payload Size set to 256 (was 128, max 512)
[    4.998154] pci 0000:1e:06.0: PME# supported from D0 D3hot D3cold
[    5.002151] pci 0000:1e:07.0: [10b5:8750] type 01 class 0x060400
[    5.006148] pci 0000:1e:07.0: Max Payload Size set to 256 (was 128, max 512)
[    5.010154] pci 0000:1e:07.0: PME# supported from D0 D3hot D3cold
[    5.014140] pci 0000:1e:08.0: [10b5:8750] type 01 class 0x060400
[    5.018224] pci 0000:1e:08.0: PME# supported from D0 D3hot D3cold
[    5.022139] pci 0000:1e:09.0: [10b5:8750] type 01 class 0x060400
[    5.026224] pci 0000:1e:09.0: PME# supported from D0 D3hot D3cold
[    5.030140] pci 0000:1e:0a.0: [10b5:8750] type 01 class 0x060400
[    5.034225] pci 0000:1e:0a.0: PME# supported from D0 D3hot D3cold
[    5.038149] pci 0000:1d:00.0: PCI bridge to [bus 1e-39]
[    5.042077] pci 0000:1d:00.0:   bridge window [io  0x4000-0x5fff]
[    5.046075] pci 0000:1d:00.0:   bridge window [mem 0xaa600000-0xaaafffff]
[    5.050077] pci 0000:1d:00.0:   bridge window [mem 0x387ffd000000-0x387fffcfffff 64bit pref]
[    5.054181] pci 0000:1e:01.0: PCI bridge to [bus 1f-39]
[    5.058082] pci_bus 0000:1f: busn_res: [bus 1f-39] end is updated to 1f
[    5.062129] pci 0000:20:00.0: [1b96:2400] type 00 class 0x010802
[    5.066109] pci 0000:20:00.0: reg 0x10: [mem 0xaaa20000-0xaaa27fff 64bit]
[    5.070119] pci 0000:20:00.0: reg 0x20: [mem 0x387fffc00000-0x387fffc00fff 64bit pref]
[    5.074086] pci 0000:20:00.0: reg 0x30: [mem 0xaaa00000-0xaaa1ffff pref]
[    5.078080] pci 0000:20:00.0: enabling Extended Tags
[    5.082205] pci 0000:1e:04.0: PCI bridge to [bus 20-39]
[    5.086079] pci 0000:1e:04.0:   bridge window [mem 0xaaa00000-0xaaafffff]
[    5.090077] pci 0000:1e:04.0:   bridge window [mem 0x387fffc00000-0x387fffcfffff 64bit pref]
[    5.094074] pci_bus 0000:20: busn_res: [bus 20-39] end is updated to 20
[    5.098119] pci 0000:1e:05.0: PCI bridge to [bus 21-39]
[    5.102083] pci_bus 0000:21: busn_res: [bus 21-39] end is updated to 21
[    5.106118] pci 0000:1e:06.0: PCI bridge to [bus 22-39]
[    5.110082] pci_bus 0000:22: busn_res: [bus 22-39] end is updated to 22
[    5.114117] pci 0000:1e:07.0: PCI bridge to [bus 23-39]
[    5.118082] pci_bus 0000:23: busn_res: [bus 23-39] end is updated to 23
[    5.122131] pci 0000:24:00.0: [8086:1581] type 00 class 0x020000
[    5.126116] pci 0000:24:00.0: reg 0x10: [mem 0x387ffe800000-0x387ffeffffff 64bit pref]
[    5.130108] pci 0000:24:00.0: reg 0x1c: [mem 0x387fff818000-0x387fff81ffff 64bit pref]
[    5.134102] pci 0000:24:00.0: reg 0x30: [mem 0xaa780000-0xaa7fffff pref]
[    5.138080] pci 0000:24:00.0: enabling Extended Tags
[    5.142168] pci 0000:24:00.0: PME# supported from D0 D3hot
[    5.146117] pci 0000:24:00.0: reg 0x184: [mem 0x387fff600000-0x387fff60ffff 64bit pref]
[    5.150074] pci 0000:24:00.0: VF(n) BAR0 space: [mem 0x387fff600000-0x387fff7fffff 64bit pref] (contains BAR0 for 32 VFs)
[    5.154098] pci 0000:24:00.0: reg 0x190: [mem 0x387fff9a0000-0x387fff9a3fff 64bit pref]
[    5.158074] pci 0000:24:00.0: VF(n) BAR3 space: [mem 0x387fff9a0000-0x387fffa1ffff 64bit pref] (contains BAR3 for 32 VFs)
[    5.162251] pci 0000:24:00.1: [8086:1581] type 00 class 0x020000
[    5.166115] pci 0000:24:00.1: reg 0x10: [mem 0x387ffe000000-0x387ffe7fffff 64bit pref]
[    5.170108] pci 0000:24:00.1: reg 0x1c: [mem 0x387fff810000-0x387fff817fff 64bit pref]
[    5.174101] pci 0000:24:00.1: reg 0x30: [mem 0xaa700000-0xaa77ffff pref]
[    5.178080] pci 0000:24:00.1: enabling Extended Tags
[    5.182163] pci 0000:24:00.1: PME# supported from D0 D3hot
[    5.186109] pci 0000:24:00.1: reg 0x184: [mem 0x387fff400000-0x387fff40ffff 64bit pref]
[    5.190074] pci 0000:24:00.1: VF(n) BAR0 space: [mem 0x387fff400000-0x387fff5fffff 64bit pref] (contains BAR0 for 32 VFs)
[    5.194098] pci 0000:24:00.1: reg 0x190: [mem 0x387fff920000-0x387fff923fff 64bit pref]
[    5.198074] pci 0000:24:00.1: VF(n) BAR3 space: [mem 0x387fff920000-0x387fff99ffff 64bit pref] (contains BAR3 for 32 VFs)
[    5.202237] pci 0000:24:00.2: [8086:1581] type 00 class 0x020000
[    5.206114] pci 0000:24:00.2: reg 0x10: [mem 0x387ffd800000-0x387ffdffffff 64bit pref]
[    5.210108] pci 0000:24:00.2: reg 0x1c: [mem 0x387fff808000-0x387fff80ffff 64bit pref]
[    5.214101] pci 0000:24:00.2: reg 0x30: [mem 0xaa680000-0xaa6fffff pref]
[    5.218080] pci 0000:24:00.2: enabling Extended Tags
[    5.222163] pci 0000:24:00.2: PME# supported from D0 D3hot
[    5.226109] pci 0000:24:00.2: reg 0x184: [mem 0x387fff200000-0x387fff20ffff 64bit pref]
[    5.230074] pci 0000:24:00.2: VF(n) BAR0 space: [mem 0x387fff200000-0x387fff3fffff 64bit pref] (contains BAR0 for 32 VFs)
[    5.234098] pci 0000:24:00.2: reg 0x190: [mem 0x387fff8a0000-0x387fff8a3fff 64bit pref]
[    5.238074] pci 0000:24:00.2: VF(n) BAR3 space: [mem 0x387fff8a0000-0x387fff91ffff 64bit pref] (contains BAR3 for 32 VFs)
[    5.242244] pci 0000:24:00.3: [8086:1581] type 00 class 0x020000
[    5.246114] pci 0000:24:00.3: reg 0x10: [mem 0x387ffd000000-0x387ffd7fffff 64bit pref]
[    5.250108] pci 0000:24:00.3: reg 0x1c: [mem 0x387fff800000-0x387fff807fff 64bit pref]
[    5.254101] pci 0000:24:00.3: reg 0x30: [mem 0xaa600000-0xaa67ffff pref]
[    5.258080] pci 0000:24:00.3: enabling Extended Tags
[    5.262163] pci 0000:24:00.3: PME# supported from D0 D3hot
[    5.266109] pci 0000:24:00.3: reg 0x184: [mem 0x387fff000000-0x387fff00ffff 64bit pref]
[    5.270074] pci 0000:24:00.3: VF(n) BAR0 space: [mem 0x387fff000000-0x387fff1fffff 64bit pref] (contains BAR0 for 32 VFs)
[    5.274098] pci 0000:24:00.3: reg 0x190: [mem 0x387fff820000-0x387fff823fff 64bit pref]
[    5.278074] pci 0000:24:00.3: VF(n) BAR3 space: [mem 0x387fff820000-0x387fff89ffff 64bit pref] (contains BAR3 for 32 VFs)
[    5.294102] pci 0000:1e:08.0: PCI bridge to [bus 24-39]
[    5.298080] pci 0000:1e:08.0:   bridge window [mem 0xaa600000-0xaa7fffff]
[    5.302077] pci 0000:1e:08.0:   bridge window [mem 0x387ffd000000-0x387fffafffff 64bit pref]
[    5.306074] pci_bus 0000:24: busn_res: [bus 24-39] end is updated to 24
[    5.310138] pci 0000:25:00.0: [8086:157c] type 00 class 0x020000
[    5.314109] pci 0000:25:00.0: reg 0x10: [mem 0xaa900000-0xaa91ffff]
[    5.318097] pci 0000:25:00.0: reg 0x18: [io  0x5000-0x501f]
[    5.322085] pci 0000:25:00.0: reg 0x1c: [mem 0xaa920000-0xaa923fff]
[    5.326222] pci 0000:25:00.0: PME# supported from D0 D3hot D3cold
[    5.342096] pci 0000:1e:09.0: PCI bridge to [bus 25-39]
[    5.346078] pci 0000:1e:09.0:   bridge window [io  0x5000-0x5fff]
[    5.350076] pci 0000:1e:09.0:   bridge window [mem 0xaa900000-0xaa9fffff]
[    5.354077] pci_bus 0000:25: busn_res: [bus 25-39] end is updated to 25
[    5.358139] pci 0000:26:00.0: [8086:15f6] type 00 class 0x020000
[    5.362109] pci 0000:26:00.0: reg 0x10: [mem 0xaa800000-0xaa81ffff]
[    5.366097] pci 0000:26:00.0: reg 0x18: [io  0x4000-0x401f]
[    5.370085] pci 0000:26:00.0: reg 0x1c: [mem 0xaa820000-0xaa823fff]
[    5.374222] pci 0000:26:00.0: PME# supported from D0 D3hot D3cold
[    5.390098] pci 0000:1e:0a.0: PCI bridge to [bus 26-39]
[    5.394078] pci 0000:1e:0a.0:   bridge window [io  0x4000-0x4fff]
[    5.398076] pci 0000:1e:0a.0:   bridge window [mem 0xaa800000-0xaa8fffff]
[    5.402078] pci_bus 0000:26: busn_res: [bus 26-39] end is updated to 26
[    5.406079] pci_bus 0000:1e: busn_res: [bus 1e-39] end is updated to 26
[    5.410078] pci_bus 0000:1d: busn_res: [bus 1d-39] end is updated to 26
[    5.414120] pci 0000:19:09.0: PCI bridge to [bus 27-39]
[    5.418080] pci_bus 0000:27: busn_res: [bus 27-39] end is updated to 27
[    5.422078] pci_bus 0000:19: busn_res: [bus 19-39] end is updated to 27
[    5.426078] pci_bus 0000:18: busn_res: [bus 18-39] end is updated to 27
[    5.430121] pci 0000:28:00.0: [144d:a808] type 00 class 0x010802
[    5.434101] pci 0000:28:00.0: reg 0x10: [mem 0xaae00000-0xaae03fff 64bit]
[    5.438240] pci 0000:17:02.0: PCI bridge to [bus 28-39]
[    5.442075] pci 0000:17:02.0:   bridge window [mem 0xaae00000-0xaaefffff]
[    5.446075] pci_bus 0000:28: busn_res: [bus 28-39] end is updated to 28
[    5.450120] pci 0000:29:00.0: [144d:a808] type 00 class 0x010802
[    5.454101] pci 0000:29:00.0: reg 0x10: [mem 0xaad00000-0xaad03fff 64bit]
[    5.458238] pci 0000:17:03.0: PCI bridge to [bus 29-39]
[    5.462076] pci 0000:17:03.0:   bridge window [mem 0xaad00000-0xaadfffff]
[    5.466075] pci_bus 0000:29: busn_res: [bus 29-39] end is updated to 29
[    5.470079] pci_bus 0000:17: on NUMA node 0
[    5.470224] ACPI: PCI Root Bridge [PC02] (domain 0000 [bus 3a-5c])
[    5.474076] acpi PNP0A08:02: _OSC: OS supports [ExtendedConfig ASPM ClockPM Segments MSI HPX-Type3]
[    5.478480] acpi PNP0A08:02: _OSC: platform does not support [SHPCHotplug LTR]
[    5.482323] acpi PNP0A08:02: _OSC: OS now controls [PCIeHotplug PME AER PCIeCapability]
[    5.486074] acpi PNP0A08:02: FADT indicates ASPM is unsupported, using BIOS configuration
[    5.490231] PCI host bridge to bus 0000:3a
[    5.494074] pci_bus 0000:3a: root bus resource [io  0x6000-0x7fff window]
[    5.498074] pci_bus 0000:3a: root bus resource [mem 0xab000000-0xb87fffff window]
[    5.502074] pci_bus 0000:3a: root bus resource [mem 0x388000000000-0x38bfffffffff window]
[    5.506074] pci_bus 0000:3a: root bus resource [bus 3a-5c]
[    5.510080] pci 0000:3a:00.0: [8086:2030] type 01 class 0x060400
[    5.514117] pci 0000:3a:00.0: enabling Extended Tags
[    5.518102] pci 0000:3a:00.0: PME# supported from D0 D3hot D3cold
[    5.522150] pci 0000:3a:05.0: [8086:2034] type 00 class 0x088000
[    5.526163] pci 0000:3a:05.2: [8086:2035] type 00 class 0x088000
[    5.530171] pci 0000:3a:05.4: [8086:2036] type 00 class 0x080020
[    5.534088] pci 0000:3a:05.4: reg 0x10: [mem 0xb8500000-0xb8500fff]
[    5.538175] pci 0000:3a:08.0: [8086:2066] type 00 class 0x088000
[    5.542163] pci 0000:3a:09.0: [8086:2066] type 00 class 0x088000
[    5.546162] pci 0000:3a:0a.0: [8086:2040] type 00 class 0x088000
[    5.550160] pci 0000:3a:0a.1: [8086:2041] type 00 class 0x088000
[    5.554158] pci 0000:3a:0a.2: [8086:2042] type 00 class 0x088000
[    5.558152] pci 0000:3a:0a.3: [8086:2043] type 00 class 0x088000
[    5.562150] pci 0000:3a:0a.4: [8086:2044] type 00 class 0x088000
[    5.566155] pci 0000:3a:0a.5: [8086:2045] type 00 class 0x088000
[    5.570151] pci 0000:3a:0a.6: [8086:2046] type 00 class 0x088000
[    5.574151] pci 0000:3a:0a.7: [8086:2047] type 00 class 0x088000
[    5.578149] pci 0000:3a:0b.0: [8086:2048] type 00 class 0x088000
[    5.582159] pci 0000:3a:0b.1: [8086:2049] type 00 class 0x088000
[    5.586150] pci 0000:3a:0b.2: [8086:204a] type 00 class 0x088000
[    5.590149] pci 0000:3a:0b.3: [8086:204b] type 00 class 0x088000
[    5.594150] pci 0000:3a:0c.0: [8086:2040] type 00 class 0x088000
[    5.598166] pci 0000:3a:0c.1: [8086:2041] type 00 class 0x088000
[    5.602151] pci 0000:3a:0c.2: [8086:2042] type 00 class 0x088000
[    5.606152] pci 0000:3a:0c.3: [8086:2043] type 00 class 0x088000
[    5.610151] pci 0000:3a:0c.4: [8086:2044] type 00 class 0x088000
[    5.614151] pci 0000:3a:0c.5: [8086:2045] type 00 class 0x088000
[    5.618151] pci 0000:3a:0c.6: [8086:2046] type 00 class 0x088000
[    5.622150] pci 0000:3a:0c.7: [8086:2047] type 00 class 0x088000
[    5.626152] pci 0000:3a:0d.0: [8086:2048] type 00 class 0x088000
[    5.630166] pci 0000:3a:0d.1: [8086:2049] type 00 class 0x088000
[    5.634150] pci 0000:3a:0d.2: [8086:204a] type 00 class 0x088000
[    5.638152] pci 0000:3a:0d.3: [8086:204b] type 00 class 0x088000
[    5.642209] pci 0000:3b:00.0: [10b5:8750] type 01 class 0x060400
[    5.646096] pci 0000:3b:00.0: reg 0x10: [mem 0xb8400000-0xb843ffff]
[    5.650160] pci 0000:3b:00.0: PME# supported from D0 D3hot D3cold
[    5.666085] pci 0000:3a:00.0: PCI bridge to [bus 3b-5c]
[    5.670076] pci 0000:3a:00.0:   bridge window [mem 0xb6000000-0xb84fffff]
[    5.674076] pci 0000:3a:00.0:   bridge window [mem 0x38b000000000-0x38bc027fffff 64bit pref]
[    5.678121] pci 0000:3c:04.0: [10b5:8750] type 01 class 0x060400
[    5.682186] pci 0000:3c:04.0: PME# supported from D0 D3hot D3cold
[    5.686125] pci 0000:3c:05.0: [10b5:8750] type 01 class 0x060400
[    5.690185] pci 0000:3c:05.0: PME# supported from D0 D3hot D3cold
[    5.694125] pci 0000:3c:08.0: [10b5:8750] type 01 class 0x060400
[    5.698184] pci 0000:3c:08.0: PME# supported from D0 D3hot D3cold
[    5.702122] pci 0000:3c:09.0: [10b5:8750] type 01 class 0x060400
[    5.706132] pci 0000:3c:09.0: Max Payload Size set to 256 (was 128, max 2048)
[    5.710130] pci 0000:3c:09.0: PME# supported from D0 D3hot D3cold
[    5.714134] pci 0000:3b:00.0: PCI bridge to [bus 3c-5c]
[    5.718079] pci 0000:3b:00.0:   bridge window [mem 0xb6000000-0xb83fffff]
[    5.722077] pci 0000:3b:00.0:   bridge window [mem 0x38b000000000-0x38bc027fffff 64bit pref]
[    5.726154] pci 0000:3d:00.0: [10de:20bb] type 00 class 0x030200
[    5.730099] pci 0000:3d:00.0: reg 0x10: [mem 0xb7000000-0xb7ffffff]
[    5.734086] pci 0000:3d:00.0: reg 0x14: [mem 0x38b800000000-0x38bbffffffff 64bit pref]
[    5.738086] pci 0000:3d:00.0: reg 0x1c: [mem 0x38bc00000000-0x38bc01ffffff 64bit pref]
[    5.742091] pci 0000:3d:00.0: enabling Extended Tags
[    5.746092] pci 0000:3d:00.0: Enabling HDA controller
[    5.750119] pci 0000:3d:00.0: PME# supported from D0 D3hot
[    5.754117] pci 0000:3d:00.0: 63.008 Gb/s available PCIe bandwidth, limited by 8.0 GT/s PCIe x8 link at 0000:3c:04.0 (capable of 252.048 Gb/s with 16.0 GT/s PCIe x16 link)
[    5.758106] pci 0000:3c:04.0: PCI bridge to [bus 3d-5c]
[    5.762077] pci 0000:3c:04.0:   bridge window [mem 0xb7000000-0xb7ffffff]
[    5.766076] pci 0000:3c:04.0:   bridge window [mem 0x38b800000000-0x38bc01ffffff 64bit pref]
[    5.770074] pci_bus 0000:3d: busn_res: [bus 3d-5c] end is updated to 3d
[    5.774117] pci 0000:3e:00.0: [0a7c:0004] type 00 class 0x058000
[    5.778100] pci 0000:3e:00.0: reg 0x10: [mem 0x38bc02400000-0x38bc027fffff 64bit pref]
[    5.782087] pci 0000:3e:00.0: reg 0x18: [mem 0xb8000000-0xb83fffff 64bit]
[    5.786099] pci 0000:3e:00.0: enabling Extended Tags
[    5.790189] pci 0000:3c:05.0: PCI bridge to [bus 3e-5c]
[    5.794077] pci 0000:3c:05.0:   bridge window [mem 0xb8000000-0xb83fffff]
[    5.798076] pci 0000:3c:05.0:   bridge window [mem 0x38bc02400000-0x38bc027fffff 64bit pref]
[    5.802074] pci_bus 0000:3e: busn_res: [bus 3e-5c] end is updated to 3e
[    5.806116] pci 0000:3f:00.0: [10de:20bb] type 00 class 0x030200
[    5.810099] pci 0000:3f:00.0: reg 0x10: [mem 0xb6000000-0xb6ffffff]
[    5.814086] pci 0000:3f:00.0: reg 0x14: [mem 0x38b000000000-0x38b3ffffffff 64bit pref]
[    5.818086] pci 0000:3f:00.0: reg 0x1c: [mem 0x38b400000000-0x38b401ffffff 64bit pref]
[    5.822091] pci 0000:3f:00.0: enabling Extended Tags
[    5.826092] pci 0000:3f:00.0: Enabling HDA controller
[    5.830119] pci 0000:3f:00.0: PME# supported from D0 D3hot
[    5.834117] pci 0000:3f:00.0: 63.008 Gb/s available PCIe bandwidth, limited by 8.0 GT/s PCIe x8 link at 0000:3c:08.0 (capable of 252.048 Gb/s with 16.0 GT/s PCIe x16 link)
[    5.838108] pci 0000:3c:08.0: PCI bridge to [bus 3f-5c]
[    5.842077] pci 0000:3c:08.0:   bridge window [mem 0xb6000000-0xb6ffffff]
[    5.846076] pci 0000:3c:08.0:   bridge window [mem 0x38b000000000-0x38b401ffffff 64bit pref]
[    5.850074] pci_bus 0000:3f: busn_res: [bus 3f-5c] end is updated to 3f
[    5.854109] pci 0000:3c:09.0: PCI bridge to [bus 40-5c]
[    5.858080] pci_bus 0000:40: busn_res: [bus 40-5c] end is updated to 40
[    5.862078] pci_bus 0000:3c: busn_res: [bus 3c-5c] end is updated to 40
[    5.866078] pci_bus 0000:3b: busn_res: [bus 3b-5c] end is updated to 40
[    5.870077] pci_bus 0000:3a: on NUMA node 0
[    5.870177] ACPI: PCI Root Bridge [PC03] (domain 0000 [bus 5d-7f])
[    5.874075] acpi PNP0A08:03: _OSC: OS supports [ExtendedConfig ASPM ClockPM Segments MSI HPX-Type3]
[    5.878474] acpi PNP0A08:03: _OSC: platform does not support [SHPCHotplug LTR]
[    5.882322] acpi PNP0A08:03: _OSC: OS now controls [PCIeHotplug PME AER PCIeCapability]
[    5.886073] acpi PNP0A08:03: FADT indicates ASPM is unsupported, using BIOS configuration
[    5.890249] PCI host bridge to bus 0000:5d
[    5.894074] pci_bus 0000:5d: root bus resource [io  0x8000-0x9fff window]
[    5.898074] pci_bus 0000:5d: root bus resource [mem 0xb8800000-0xc5ffffff window]
[    5.902074] pci_bus 0000:5d: root bus resource [mem 0x38c000000000-0x38ffffffffff window]
[    5.906074] pci_bus 0000:5d: root bus resource [bus 5d-7f]
[    5.910081] pci 0000:5d:05.0: [8086:2034] type 00 class 0x088000
[    5.914168] pci 0000:5d:05.2: [8086:2035] type 00 class 0x088000
[    5.918164] pci 0000:5d:05.4: [8086:2036] type 00 class 0x080020
[    5.922088] pci 0000:5d:05.4: reg 0x10: [mem 0xc5f00000-0xc5f00fff]
[    5.926178] pci 0000:5d:0e.0: [8086:2058] type 00 class 0x110100
[    5.930167] pci 0000:5d:0e.1: [8086:2059] type 00 class 0x088000
[    5.934162] pci 0000:5d:0f.0: [8086:2058] type 00 class 0x110100
[    5.938158] pci 0000:5d:0f.1: [8086:2059] type 00 class 0x088000
[    5.942151] pci 0000:5d:10.0: [8086:2058] type 00 class 0x110100
[    5.946154] pci 0000:5d:10.1: [8086:2059] type 00 class 0x088000
[    5.950144] pci 0000:5d:12.0: [8086:204c] type 00 class 0x110100
[    5.954157] pci 0000:5d:12.1: [8086:204d] type 00 class 0x110100
[    5.958139] pci 0000:5d:12.2: [8086:204e] type 00 class 0x088000
[    5.962139] pci 0000:5d:12.4: [8086:204c] type 00 class 0x110100
[    5.966162] pci 0000:5d:12.5: [8086:204d] type 00 class 0x110100
[    5.970139] pci 0000:5d:15.0: [8086:2018] type 00 class 0x088000
[    5.974147] pci 0000:5d:15.1: [8086:2088] type 00 class 0x110100
[    5.978139] pci 0000:5d:16.0: [8086:2018] type 00 class 0x088000
[    5.982146] pci 0000:5d:16.1: [8086:2088] type 00 class 0x110100
[    5.986137] pci 0000:5d:16.4: [8086:2018] type 00 class 0x088000
[    5.990138] pci 0000:5d:16.5: [8086:2088] type 00 class 0x110100
[    5.994141] pci 0000:5d:17.0: [8086:2018] type 00 class 0x088000
[    5.998156] pci 0000:5d:17.1: [8086:2088] type 00 class 0x110100
[    6.002143] pci_bus 0000:5d: on NUMA node 0
[    6.002299] ACPI: PCI Root Bridge [PC06] (domain 0000 [bus 80-84])
[    6.006075] acpi PNP0A08:06: _OSC: OS supports [ExtendedConfig ASPM ClockPM Segments MSI HPX-Type3]
[    6.010306] acpi PNP0A08:06: _OSC: platform does not support [SHPCHotplug LTR]
[    6.014253] acpi PNP0A08:06: _OSC: OS now controls [PCIeHotplug PME AER PCIeCapability]
[    6.018073] acpi PNP0A08:06: FADT indicates ASPM is unsupported, using BIOS configuration
[    6.022196] acpiphp: Slot [8191-9] registered
[    6.026112] PCI host bridge to bus 0000:80
[    6.030074] pci_bus 0000:80: root bus resource [io  0xa000-0xbfff window]
[    6.034074] pci_bus 0000:80: root bus resource [mem 0xc6000000-0xd37fffff window]
[    6.038074] pci_bus 0000:80: root bus resource [mem 0x390000000000-0x393fffffffff window]
[    6.042074] pci_bus 0000:80: root bus resource [bus 80-84]
[    6.046093] pci 0000:80:04.0: [8086:2021] type 00 class 0x088000
[    6.050091] pci 0000:80:04.0: reg 0x10: [mem 0x393ffff1c000-0x393ffff1ffff 64bit]
[    6.054173] pci 0000:80:04.1: [8086:2021] type 00 class 0x088000
[    6.058090] pci 0000:80:04.1: reg 0x10: [mem 0x393ffff18000-0x393ffff1bfff 64bit]
[    6.062169] pci 0000:80:04.2: [8086:2021] type 00 class 0x088000
[    6.066090] pci 0000:80:04.2: reg 0x10: [mem 0x393ffff14000-0x393ffff17fff 64bit]
[    6.070168] pci 0000:80:04.3: [8086:2021] type 00 class 0x088000
[    6.074090] pci 0000:80:04.3: reg 0x10: [mem 0x393ffff10000-0x393ffff13fff 64bit]
[    6.078166] pci 0000:80:04.4: [8086:2021] type 00 class 0x088000
[    6.082089] pci 0000:80:04.4: reg 0x10: [mem 0x393ffff0c000-0x393ffff0ffff 64bit]
[    6.086170] pci 0000:80:04.5: [8086:2021] type 00 class 0x088000
[    6.090090] pci 0000:80:04.5: reg 0x10: [mem 0x393ffff08000-0x393ffff0bfff 64bit]
[    6.094166] pci 0000:80:04.6: [8086:2021] type 00 class 0x088000
[    6.098089] pci 0000:80:04.6: reg 0x10: [mem 0x393ffff04000-0x393ffff07fff 64bit]
[    6.102175] pci 0000:80:04.7: [8086:2021] type 00 class 0x088000
[    6.106090] pci 0000:80:04.7: reg 0x10: [mem 0x393ffff00000-0x393ffff03fff 64bit]
[    6.110168] pci 0000:80:05.0: [8086:2024] type 00 class 0x088000
[    6.114168] pci 0000:80:05.2: [8086:2025] type 00 class 0x088000
[    6.118164] pci 0000:80:05.4: [8086:2026] type 00 class 0x080020
[    6.122088] pci 0000:80:05.4: reg 0x10: [mem 0xd3700000-0xd3700fff]
[    6.126178] pci 0000:80:08.0: [8086:2014] type 00 class 0x088000
[    6.130159] pci 0000:80:08.1: [8086:2015] type 00 class 0x110100
[    6.134143] pci 0000:80:08.2: [8086:2016] type 00 class 0x088000
[    6.138159] pci_bus 0000:80: on NUMA node 1
[    6.138250] ACPI: PCI Root Bridge [PC07] (domain 0000 [bus 85-ad])
[    6.142075] acpi PNP0A08:07: _OSC: OS supports [ExtendedConfig ASPM ClockPM Segments MSI HPX-Type3]
[    6.146482] acpi PNP0A08:07: _OSC: platform does not support [SHPCHotplug LTR]
[    6.150325] acpi PNP0A08:07: _OSC: OS now controls [PCIeHotplug PME AER PCIeCapability]
[    6.154073] acpi PNP0A08:07: FADT indicates ASPM is unsupported, using BIOS configuration
[    6.158243] acpiphp: Slot [2] registered
[    6.162095] acpiphp: Slot [8191-12] registered
[    6.166095] acpiphp: Slot [8191-8] registered
[    6.170094] acpiphp: Slot [8191-10] registered
[    6.174126] PCI host bridge to bus 0000:85
[    6.178074] pci_bus 0000:85: root bus resource [io  0xc000-0xdfff window]
[    6.182074] pci_bus 0000:85: root bus resource [mem 0xd3800000-0xe0ffffff window]
[    6.186074] pci_bus 0000:85: root bus resource [mem 0x394000000000-0x397fffffffff window]
[    6.190074] pci_bus 0000:85: root bus resource [bus 85-ad]
[    6.194081] pci 0000:85:00.0: [8086:2030] type 01 class 0x060400
[    6.198121] pci 0000:85:00.0: enabling Extended Tags
[    6.202107] pci 0000:85:00.0: PME# supported from D0 D3hot D3cold
[    6.206200] pci 0000:85:05.0: [8086:2034] type 00 class 0x088000
[    6.210174] pci 0000:85:05.2: [8086:2035] type 00 class 0x088000
[    6.214173] pci 0000:85:05.4: [8086:2036] type 00 class 0x080020
[    6.218089] pci 0000:85:05.4: reg 0x10: [mem 0xe0500000-0xe0500fff]
[    6.222184] pci 0000:85:08.0: [8086:208d] type 00 class 0x088000
[    6.226158] pci 0000:85:08.1: [8086:208d] type 00 class 0x088000
[    6.230148] pci 0000:85:08.2: [8086:208d] type 00 class 0x088000
[    6.234147] pci 0000:85:08.3: [8086:208d] type 00 class 0x088000
[    6.238146] pci 0000:85:08.4: [8086:208d] type 00 class 0x088000
[    6.242154] pci 0000:85:08.5: [8086:208d] type 00 class 0x088000
[    6.246147] pci 0000:85:08.6: [8086:208d] type 00 class 0x088000
[    6.250147] pci 0000:85:08.7: [8086:208d] type 00 class 0x088000
[    6.254147] pci 0000:85:09.0: [8086:208d] type 00 class 0x088000
[    6.258157] pci 0000:85:09.1: [8086:208d] type 00 class 0x088000
[    6.262147] pci 0000:85:09.2: [8086:208d] type 00 class 0x088000
[    6.266150] pci 0000:85:09.3: [8086:208d] type 00 class 0x088000
[    6.270148] pci 0000:85:09.4: [8086:208d] type 00 class 0x088000
[    6.274157] pci 0000:85:09.5: [8086:208d] type 00 class 0x088000
[    6.278148] pci 0000:85:09.6: [8086:208d] type 00 class 0x088000
[    6.282149] pci 0000:85:09.7: [8086:208d] type 00 class 0x088000
[    6.286147] pci 0000:85:0a.0: [8086:208d] type 00 class 0x088000
[    6.290158] pci 0000:85:0a.1: [8086:208d] type 00 class 0x088000
[    6.294148] pci 0000:85:0a.2: [8086:208d] type 00 class 0x088000
[    6.298148] pci 0000:85:0a.3: [8086:208d] type 00 class 0x088000
[    6.302148] pci 0000:85:0a.4: [8086:208d] type 00 class 0x088000
[    6.306161] pci 0000:85:0a.5: [8086:208d] type 00 class 0x088000
[    6.310149] pci 0000:85:0a.6: [8086:208d] type 00 class 0x088000
[    6.314151] pci 0000:85:0a.7: [8086:208d] type 00 class 0x088000
[    6.318148] pci 0000:85:0b.0: [8086:208d] type 00 class 0x088000
[    6.322159] pci 0000:85:0b.1: [8086:208d] type 00 class 0x088000
[    6.326149] pci 0000:85:0b.2: [8086:208d] type 00 class 0x088000
[    6.330150] pci 0000:85:0b.3: [8086:208d] type 00 class 0x088000
[    6.334151] pci 0000:85:0e.0: [8086:208e] type 00 class 0x088000
[    6.338168] pci 0000:85:0e.1: [8086:208e] type 00 class 0x088000
[    6.342148] pci 0000:85:0e.2: [8086:208e] type 00 class 0x088000
[    6.346148] pci 0000:85:0e.3: [8086:208e] type 00 class 0x088000
[    6.350147] pci 0000:85:0e.4: [8086:208e] type 00 class 0x088000
[    6.354148] pci 0000:85:0e.5: [8086:208e] type 00 class 0x088000
[    6.358147] pci 0000:85:0e.6: [8086:208e] type 00 class 0x088000
[    6.362147] pci 0000:85:0e.7: [8086:208e] type 00 class 0x088000
[    6.366148] pci 0000:85:0f.0: [8086:208e] type 00 class 0x088000
[    6.370163] pci 0000:85:0f.1: [8086:208e] type 00 class 0x088000
[    6.374148] pci 0000:85:0f.2: [8086:208e] type 00 class 0x088000
[    6.378148] pci 0000:85:0f.3: [8086:208e] type 00 class 0x088000
[    6.382147] pci 0000:85:0f.4: [8086:208e] type 00 class 0x088000
[    6.386151] pci 0000:85:0f.5: [8086:208e] type 00 class 0x088000
[    6.390147] pci 0000:85:0f.6: [8086:208e] type 00 class 0x088000
[    6.394148] pci 0000:85:0f.7: [8086:208e] type 00 class 0x088000
[    6.398147] pci 0000:85:10.0: [8086:208e] type 00 class 0x088000
[    6.402162] pci 0000:85:10.1: [8086:208e] type 00 class 0x088000
[    6.406148] pci 0000:85:10.2: [8086:208e] type 00 class 0x088000
[    6.410147] pci 0000:85:10.3: [8086:208e] type 00 class 0x088000
[    6.414149] pci 0000:85:10.4: [8086:208e] type 00 class 0x088000
[    6.418149] pci 0000:85:10.5: [8086:208e] type 00 class 0x088000
[    6.422148] pci 0000:85:10.6: [8086:208e] type 00 class 0x088000
[    6.426150] pci 0000:85:10.7: [8086:208e] type 00 class 0x088000
[    6.430148] pci 0000:85:11.0: [8086:208e] type 00 class 0x088000
[    6.434163] pci 0000:85:11.1: [8086:208e] type 00 class 0x088000
[    6.438149] pci 0000:85:11.2: [8086:208e] type 00 class 0x088000
[    6.442148] pci 0000:85:11.3: [8086:208e] type 00 class 0x088000
[    6.446158] pci 0000:85:1d.0: [8086:2054] type 00 class 0x088000
[    6.450159] pci 0000:85:1d.1: [8086:2055] type 00 class 0x088000
[    6.454167] pci 0000:85:1d.2: [8086:2056] type 00 class 0x088000
[    6.458149] pci 0000:85:1d.3: [8086:2057] type 00 class 0x088000
[    6.462151] pci 0000:85:1e.0: [8086:2080] type 00 class 0x088000
[    6.466164] pci 0000:85:1e.1: [8086:2081] type 00 class 0x088000
[    6.470148] pci 0000:85:1e.2: [8086:2082] type 00 class 0x088000
[    6.474148] pci 0000:85:1e.3: [8086:2083] type 00 class 0x088000
[    6.478149] pci 0000:85:1e.4: [8086:2084] type 00 class 0x088000
[    6.482148] pci 0000:85:1e.5: [8086:2085] type 00 class 0x088000
[    6.486147] pci 0000:85:1e.6: [8086:2086] type 00 class 0x088000
[    6.490203] pci 0000:86:00.0: [10b5:8750] type 01 class 0x060400
[    6.494098] pci 0000:86:00.0: reg 0x10: [mem 0xe0400000-0xe043ffff]
[    6.498167] pci 0000:86:00.0: PME# supported from D0 D3hot D3cold
[    6.514086] pci 0000:85:00.0: PCI bridge to [bus 86-ad]
[    6.518076] pci 0000:85:00.0:   bridge window [mem 0xdf000000-0xe04fffff]
[    6.522076] pci 0000:85:00.0:   bridge window [mem 0x397800000000-0x397c027fffff 64bit pref]
[    6.526124] pci 0000:87:04.0: [10b5:8750] type 01 class 0x060400
[    6.530134] pci 0000:87:04.0: Max Payload Size set to 256 (was 128, max 2048)
[    6.534136] pci 0000:87:04.0: PME# supported from D0 D3hot D3cold
[    6.538133] pci 0000:87:05.0: [10b5:8750] type 01 class 0x060400
[    6.542192] pci 0000:87:05.0: PME# supported from D0 D3hot D3cold
[    6.546128] pci 0000:87:08.0: [10b5:8750] type 01 class 0x060400
[    6.550191] pci 0000:87:08.0: PME# supported from D0 D3hot D3cold
[    6.554127] pci 0000:87:09.0: [10b5:8750] type 01 class 0x060400
[    6.558133] pci 0000:87:09.0: Max Payload Size set to 256 (was 128, max 2048)
[    6.562136] pci 0000:87:09.0: PME# supported from D0 D3hot D3cold
[    6.566133] pci 0000:86:00.0: PCI bridge to [bus 87-ad]
[    6.570077] pci 0000:86:00.0:   bridge window [mem 0xdf000000-0xe03fffff]
[    6.574076] pci 0000:86:00.0:   bridge window [mem 0x397800000000-0x397c027fffff 64bit pref]
[    6.578137] pci 0000:87:04.0: PCI bridge to [bus 88-ad]
[    6.582081] pci_bus 0000:88: busn_res: [bus 88-ad] end is updated to 88
[    6.586125] pci 0000:89:00.0: [0a7c:0006] type 00 class 0x058000
[    6.590101] pci 0000:89:00.0: reg 0x10: [mem 0x397c02400000-0x397c027fffff 64bit pref]
[    6.594087] pci 0000:89:00.0: reg 0x18: [mem 0xe0000000-0xe03fffff 64bit]
[    6.598101] pci 0000:89:00.0: enabling Extended Tags
[    6.602193] pci 0000:87:05.0: PCI bridge to [bus 89-ad]
[    6.606078] pci 0000:87:05.0:   bridge window [mem 0xe0000000-0xe03fffff]
[    6.610076] pci 0000:87:05.0:   bridge window [mem 0x397c02400000-0x397c027fffff 64bit pref]
[    6.614074] pci_bus 0000:89: busn_res: [bus 89-ad] end is updated to 89
[    6.618118] pci 0000:8a:00.0: [10de:20bb] type 00 class 0x030200
[    6.622100] pci 0000:8a:00.0: reg 0x10: [mem 0xdf000000-0xdfffffff]
[    6.626086] pci 0000:8a:00.0: reg 0x14: [mem 0x397800000000-0x397bffffffff 64bit pref]
[    6.630087] pci 0000:8a:00.0: reg 0x1c: [mem 0x397c00000000-0x397c01ffffff 64bit pref]
[    6.634092] pci 0000:8a:00.0: enabling Extended Tags
[    6.638092] pci 0000:8a:00.0: Enabling HDA controller
[    6.642122] pci 0000:8a:00.0: PME# supported from D0 D3hot
[    6.646120] pci 0000:8a:00.0: 63.008 Gb/s available PCIe bandwidth, limited by 8.0 GT/s PCIe x8 link at 0000:87:08.0 (capable of 252.048 Gb/s with 16.0 GT/s PCIe x16 link)
[    6.650107] pci 0000:87:08.0: PCI bridge to [bus 8a-ad]
[    6.654077] pci 0000:87:08.0:   bridge window [mem 0xdf000000-0xdfffffff]
[    6.658077] pci 0000:87:08.0:   bridge window [mem 0x397800000000-0x397c01ffffff 64bit pref]
[    6.662074] pci_bus 0000:8a: busn_res: [bus 8a-ad] end is updated to 8a
[    6.666113] pci 0000:87:09.0: PCI bridge to [bus 8b-ad]
[    6.670080] pci_bus 0000:8b: busn_res: [bus 8b-ad] end is updated to 8b
[    6.674078] pci_bus 0000:87: busn_res: [bus 87-ad] end is updated to 8b
[    6.678078] pci_bus 0000:86: busn_res: [bus 86-ad] end is updated to 8b
[    6.682079] pci_bus 0000:85: on NUMA node 1
[    6.682214] ACPI: PCI Root Bridge [PC08] (domain 0000 [bus ae-d6])
[    6.686076] acpi PNP0A08:08: _OSC: OS supports [ExtendedConfig ASPM ClockPM Segments MSI HPX-Type3]
[    6.690477] acpi PNP0A08:08: _OSC: platform does not support [SHPCHotplug LTR]
[    6.694323] acpi PNP0A08:08: _OSC: OS now controls [PCIeHotplug PME AER PCIeCapability]
[    6.698073] acpi PNP0A08:08: FADT indicates ASPM is unsupported, using BIOS configuration
[    6.702237] acpiphp: Slot [8191-16] registered
[    6.706095] acpiphp: Slot [8191-11] registered
[    6.710094] acpiphp: Slot [8191-13] registered
[    6.714095] acpiphp: Slot [8191-14] registered
[    6.718103] PCI host bridge to bus 0000:ae
[    6.722074] pci_bus 0000:ae: root bus resource [io  0xe000-0xefff window]
[    6.726074] pci_bus 0000:ae: root bus resource [mem 0xe1000000-0xee7fffff window]
[    6.730073] pci_bus 0000:ae: root bus resource [mem 0x398000000000-0x39bfffffffff window]
[    6.734074] pci_bus 0000:ae: root bus resource [bus ae-d6]
[    6.738081] pci 0000:ae:05.0: [8086:2034] type 00 class 0x088000
[    6.742169] pci 0000:ae:05.2: [8086:2035] type 00 class 0x088000
[    6.746164] pci 0000:ae:05.4: [8086:2036] type 00 class 0x080020
[    6.750088] pci 0000:ae:05.4: reg 0x10: [mem 0xee700000-0xee700fff]
[    6.754191] pci 0000:ae:08.0: [8086:2066] type 00 class 0x088000
[    6.758176] pci 0000:ae:09.0: [8086:2066] type 00 class 0x088000
[    6.762167] pci 0000:ae:0a.0: [8086:2040] type 00 class 0x088000
[    6.766164] pci 0000:ae:0a.1: [8086:2041] type 00 class 0x088000
[    6.770155] pci 0000:ae:0a.2: [8086:2042] type 00 class 0x088000
[    6.774154] pci 0000:ae:0a.3: [8086:2043] type 00 class 0x088000
[    6.778155] pci 0000:ae:0a.4: [8086:2044] type 00 class 0x088000
[    6.782153] pci 0000:ae:0a.5: [8086:2045] type 00 class 0x088000
[    6.786163] pci 0000:ae:0a.6: [8086:2046] type 00 class 0x088000
[    6.790156] pci 0000:ae:0a.7: [8086:2047] type 00 class 0x088000
[    6.794154] pci 0000:ae:0b.0: [8086:2048] type 00 class 0x088000
[    6.798167] pci 0000:ae:0b.1: [8086:2049] type 00 class 0x088000
[    6.802154] pci 0000:ae:0b.2: [8086:204a] type 00 class 0x088000
[    6.806157] pci 0000:ae:0b.3: [8086:204b] type 00 class 0x088000
[    6.810156] pci 0000:ae:0c.0: [8086:2040] type 00 class 0x088000
[    6.814166] pci 0000:ae:0c.1: [8086:2041] type 00 class 0x088000
[    6.818166] pci 0000:ae:0c.2: [8086:2042] type 00 class 0x088000
[    6.822157] pci 0000:ae:0c.3: [8086:2043] type 00 class 0x088000
[    6.826155] pci 0000:ae:0c.4: [8086:2044] type 00 class 0x088000
[    6.830156] pci 0000:ae:0c.5: [8086:2045] type 00 class 0x088000
[    6.834155] pci 0000:ae:0c.6: [8086:2046] type 00 class 0x088000
[    6.838157] pci 0000:ae:0c.7: [8086:2047] type 00 class 0x088000
[    6.842157] pci 0000:ae:0d.0: [8086:2048] type 00 class 0x088000
[    6.846166] pci 0000:ae:0d.1: [8086:2049] type 00 class 0x088000
[    6.850167] pci 0000:ae:0d.2: [8086:204a] type 00 class 0x088000
[    6.854159] pci 0000:ae:0d.3: [8086:204b] type 00 class 0x088000
[    6.858166] pci_bus 0000:ae: on NUMA node 1
[    6.858274] ACPI: PCI Root Bridge [PC09] (domain 0000 [bus d7-ff])
[    6.862075] acpi PNP0A08:09: _OSC: OS supports [ExtendedConfig ASPM ClockPM Segments MSI HPX-Type3]
[    6.866473] acpi PNP0A08:09: _OSC: platform does not support [SHPCHotplug LTR]
[    6.870323] acpi PNP0A08:09: _OSC: OS now controls [PCIeHotplug PME AER PCIeCapability]
[    6.874073] acpi PNP0A08:09: FADT indicates ASPM is unsupported, using BIOS configuration
[    6.878239] acpiphp: Slot [8191-20] registered
[    6.882095] acpiphp: Slot [8191-15] registered
[    6.886095] acpiphp: Slot [8191-17] registered
[    6.890097] acpiphp: Slot [8191-18] registered
[    6.894102] PCI host bridge to bus 0000:d7
[    6.898074] pci_bus 0000:d7: root bus resource [io  0xf000-0xffff window]
[    6.902074] pci_bus 0000:d7: root bus resource [mem 0xee800000-0xfbffffff window]
[    6.906074] pci_bus 0000:d7: root bus resource [mem 0x39c000000000-0x39ffffffffff window]
[    6.910074] pci_bus 0000:d7: root bus resource [bus d7-ff]
[    6.914082] pci 0000:d7:05.0: [8086:2034] type 00 class 0x088000
[    6.918171] pci 0000:d7:05.2: [8086:2035] type 00 class 0x088000
[    6.922167] pci 0000:d7:05.4: [8086:2036] type 00 class 0x080020
[    6.926089] pci 0000:d7:05.4: reg 0x10: [mem 0xfbf00000-0xfbf00fff]
[    6.930184] pci 0000:d7:0e.0: [8086:2058] type 00 class 0x110100
[    6.934164] pci 0000:d7:0e.1: [8086:2059] type 00 class 0x088000
[    6.938155] pci 0000:d7:0f.0: [8086:2058] type 00 class 0x110100
[    6.942173] pci 0000:d7:0f.1: [8086:2059] type 00 class 0x088000
[    6.946156] pci 0000:d7:10.0: [8086:2058] type 00 class 0x110100
[    6.950156] pci 0000:d7:10.1: [8086:2059] type 00 class 0x088000
[    6.954148] pci 0000:d7:12.0: [8086:204c] type 00 class 0x110100
[    6.958161] pci 0000:d7:12.1: [8086:204d] type 00 class 0x110100
[    6.962142] pci 0000:d7:12.2: [8086:204e] type 00 class 0x088000
[    6.966141] pci 0000:d7:12.4: [8086:204c] type 00 class 0x110100
[    6.970160] pci 0000:d7:12.5: [8086:204d] type 00 class 0x110100
[    6.974155] pci 0000:d7:15.0: [8086:2018] type 00 class 0x088000
[    6.978160] pci 0000:d7:15.1: [8086:2088] type 00 class 0x110100
[    6.982148] pci 0000:d7:16.0: [8086:2018] type 00 class 0x088000
[    6.986151] pci 0000:d7:16.1: [8086:2088] type 00 class 0x110100
[    6.990142] pci 0000:d7:16.4: [8086:2018] type 00 class 0x088000
[    6.994141] pci 0000:d7:16.5: [8086:2088] type 00 class 0x110100
[    6.998141] pci 0000:d7:17.0: [8086:2018] type 00 class 0x088000
[    7.002150] pci 0000:d7:17.1: [8086:2088] type 00 class 0x110100
[    7.006151] pci_bus 0000:d7: on NUMA node 1
[    7.006658] ACPI: PCI Interrupt Link [LNKA] (IRQs 3 4 5 6 7 10 *11 12 14 15)
[    7.010124] ACPI: PCI Interrupt Link [LNKB] (IRQs 3 4 5 6 7 *10 11 12 14 15)
[    7.014124] ACPI: PCI Interrupt Link [LNKC] (IRQs 3 4 5 6 10 *11 12 14 15)
[    7.018123] ACPI: PCI Interrupt Link [LNKD] (IRQs 3 4 5 6 10 *11 12 14 15)
[    7.022123] ACPI: PCI Interrupt Link [LNKE] (IRQs 3 4 5 6 7 10 *11 12 14 15)
[    7.026123] ACPI: PCI Interrupt Link [LNKF] (IRQs 3 4 5 6 7 10 *11 12 14 15)
[    7.030123] ACPI: PCI Interrupt Link [LNKG] (IRQs 3 4 5 6 7 10 *11 12 14 15)
[    7.034124] ACPI: PCI Interrupt Link [LNKH] (IRQs 3 4 5 6 7 10 *11 12 14 15)
[    7.038413] iommu: Default domain type: Translated 
[    7.042223] SCSI subsystem initialized
[    7.045997] libata version 3.00 loaded.
[    7.046093] pci 0000:08:00.0: vgaarb: setting as boot VGA device
[    7.050072] pci 0000:08:00.0: vgaarb: VGA device added: decodes=io+mem,owns=io+mem,locks=none
[    7.050122] pci 0000:08:00.0: vgaarb: bridge control possible
[    7.054073] vgaarb: loaded
[    7.056796] ACPI: bus type USB registered
[    7.058083] usbcore: registered new interface driver usbfs
[    7.062078] usbcore: registered new interface driver hub
[    7.066101] usbcore: registered new device driver usb
[    7.070094] pps_core: LinuxPPS API ver. 1 registered
[    7.074073] pps_core: Software ver. 5.3.6 - Copyright 2005-2007 Rodolfo Giometti <giometti@linux.it>
[    7.078075] PTP clock support registered
[    7.082102] EDAC MC: Ver: 3.0.0
[    7.085600] Registered efivars operations
[    7.086104] PCI: Using ACPI for IRQ routing
[    7.092723] PCI: pci_cache_line_size set to 64 bytes
[    7.093049] e820: reserve RAM buffer [mem 0x0003e000-0x0003ffff]
[    7.093050] e820: reserve RAM buffer [mem 0x0009e000-0x0009ffff]
[    7.093050] e820: reserve RAM buffer [mem 0x5c2e7018-0x5fffffff]
[    7.093051] e820: reserve RAM buffer [mem 0x5c2f7018-0x5fffffff]
[    7.093052] e820: reserve RAM buffer [mem 0x5c308018-0x5fffffff]
[    7.093052] e820: reserve RAM buffer [mem 0x5c311018-0x5fffffff]
[    7.093053] e820: reserve RAM buffer [mem 0x5c349018-0x5fffffff]
[    7.093053] e820: reserve RAM buffer [mem 0x6557a000-0x67ffffff]
[    7.093054] e820: reserve RAM buffer [mem 0x67367000-0x67ffffff]
[    7.093055] e820: reserve RAM buffer [mem 0x6a607000-0x6bffffff]
[    7.093164] NetLabel: Initializing
[    7.094074] NetLabel:  domain hash size = 128
[    7.098073] NetLabel:  protocols = UNLABELED CIPSOv4 CALIPSO
[    7.102084] NetLabel:  unlabeled traffic allowed by default
[    7.106862] hpet0: at MMIO 0xfed00000, IRQs 2, 8, 0, 0, 0, 0, 0, 0
[    7.110075] hpet0: 8 comparators, 64-bit 24.000000 MHz counter
[    7.116244] clocksource: Switched to clocksource tsc-early
[    7.131826] *** VALIDATE bpf ***
[    7.135158] VFS: Disk quotas dquot_6.6.0
[    7.139136] VFS: Dquot-cache hash table entries: 512 (order 0, 4096 bytes)
[    7.146033] *** VALIDATE ramfs ***
[    7.149444] *** VALIDATE hugetlbfs ***
[    7.153352] AppArmor: AppArmor Filesystem Enabled
[    7.158076] pnp: PnP ACPI init
[    7.166381] pnp 00:00: Plug and Play ACPI device, IDs PNP0b00 (active)
[    7.166582] system 00:01: [io  0x0500-0x05fe] has been reserved
[    7.172509] system 00:01: [io  0x0400-0x047f] has been reserved
[    7.178426] system 00:01: [io  0x0600-0x061f] has been reserved
[    7.184342] system 00:01: [io  0x0880-0x0883] has been reserved
[    7.190263] system 00:01: [io  0x0800-0x081f] has been reserved
[    7.196183] system 00:01: [mem 0xfed1c000-0xfed3ffff] could not be reserved
[    7.203144] system 00:01: [mem 0xfed45000-0xfed8bfff] has been reserved
[    7.209755] system 00:01: [mem 0xff000000-0xffffffff] has been reserved
[    7.216366] system 00:01: [mem 0xfee00000-0xfeefffff] has been reserved
[    7.222979] system 00:01: [mem 0xfed12000-0xfed1200f] has been reserved
[    7.229592] system 00:01: [mem 0xfed12010-0xfed1201f] has been reserved
[    7.236204] system 00:01: [mem 0xfed1b000-0xfed1bfff] has been reserved
[    7.242822] system 00:01: Plug and Play ACPI device, IDs PNP0c02 (active)
[    7.243239] system 00:02: [io  0x0a00-0x0a0f] has been reserved
[    7.249165] system 00:02: [io  0x0a10-0x0a1f] has been reserved
[    7.255097] system 00:02: [io  0x0a20-0x0a2f] has been reserved
[    7.261019] system 00:02: [io  0x0a30-0x0a3f] has been reserved
[    7.266937] system 00:02: [io  0x0a40-0x0a4f] has been reserved
[    7.272861] system 00:02: Plug and Play ACPI device, IDs PNP0c02 (active)
[    7.273137] pnp 00:03: [dma 0 disabled]
[    7.273166] pnp 00:03: Plug and Play ACPI device, IDs PNP0501 (active)
[    7.273427] pnp 00:04: [dma 0 disabled]
[    7.273451] pnp 00:04: Plug and Play ACPI device, IDs PNP0501 (active)
[    7.273662] system 00:05: [mem 0xfd000000-0xfdabffff] has been reserved
[    7.280279] system 00:05: [mem 0xfdad0000-0xfdadffff] has been reserved
[    7.286890] system 00:05: [mem 0xfdb00000-0xfdffffff] has been reserved
[    7.293503] system 00:05: [mem 0xfe000000-0xfe00ffff] has been reserved
[    7.300116] system 00:05: [mem 0xfe011000-0xfe01ffff] has been reserved
[    7.306726] system 00:05: [mem 0xfe036000-0xfe03bfff] has been reserved
[    7.313340] system 00:05: [mem 0xfe03d000-0xfe3fffff] has been reserved
[    7.319955] system 00:05: [mem 0xfe410000-0xfe7fffff] has been reserved
[    7.326568] system 00:05: Plug and Play ACPI device, IDs PNP0c02 (active)
[    7.326895] system 00:06: [io  0x0f00-0x0ffe] has been reserved
[    7.332815] system 00:06: Plug and Play ACPI device, IDs PNP0c02 (active)
[    7.333681] pnp: PnP ACPI: found 7 devices
[    7.339243] thermal_sys: Registered thermal governor 'fair_share'
[    7.339244] thermal_sys: Registered thermal governor 'bang_bang'
[    7.345338] thermal_sys: Registered thermal governor 'step_wise'
[    7.351347] thermal_sys: Registered thermal governor 'user_space'
[    7.357350] thermal_sys: Registered thermal governor 'power_allocator'
[    7.367932] clocksource: acpi_pm: mask: 0xffffff max_cycles: 0xffffff, max_idle_ns: 2085701024 ns
[    7.383358] pci_bus 0000:00: max bus depth: 3 pci_try_num: 4
[    7.389029] pci 0000:00:1f.4: BAR 0: assigned [mem 0x380000000000-0x3800000000ff 64bit]
[    7.397042] pci 0000:00:1c.0: PCI bridge to [bus 01]
[    7.402014] pci 0000:00:1c.0:   bridge window [mem 0x9c400000-0x9c8fffff]
[    7.408815] pci 0000:00:1c.4: PCI bridge to [bus 02]
[    7.413797] pci 0000:04:03.0: PCI bridge to [bus 05]
[    7.418771] pci 0000:04:03.0:   bridge window [mem 0x9ca00000-0x9cafffff]
[    7.425562] pci 0000:04:03.0:   bridge window [mem 0x383ffe000000-0x383fff9fffff 64bit pref]
[    7.434008] pci 0000:03:00.0: PCI bridge to [bus 04-05]
[    7.439240] pci 0000:03:00.0:   bridge window [mem 0x9ca00000-0x9cafffff]
[    7.446035] pci 0000:03:00.0:   bridge window [mem 0x383ffe000000-0x383fff9fffff 64bit pref]
[    7.454480] pci 0000:00:1c.5: PCI bridge to [bus 03-05]
[    7.459709] pci 0000:00:1c.5:   bridge window [mem 0x9c900000-0x9cbfffff]
[    7.466501] pci 0000:00:1c.5:   bridge window [mem 0x383ffe000000-0x383fff9fffff 64bit pref]
[    7.474938] pci 0000:00:1d.0: PCI bridge to [bus 06]
[    7.479923] pci 0000:07:00.0: PCI bridge to [bus 08]
[    7.484890] pci 0000:07:00.0:   bridge window [io  0x3000-0x3fff]
[    7.490990] pci 0000:07:00.0:   bridge window [mem 0x9b000000-0x9c0fffff]
[    7.497789] pci 0000:00:1d.2: PCI bridge to [bus 07-08]
[    7.503013] pci 0000:00:1d.2:   bridge window [io  0x3000-0x3fff]
[    7.509111] pci 0000:00:1d.2:   bridge window [mem 0x9b000000-0x9c0fffff]
[    7.515910] pci_bus 0000:00: resource 4 [io  0x0000-0x03af window]
[    7.522087] pci_bus 0000:00: resource 5 [io  0x03e0-0x0cf7 window]
[    7.528266] pci_bus 0000:00: resource 6 [io  0x03b0-0x03bb window]
[    7.534444] pci_bus 0000:00: resource 7 [io  0x03c0-0x03df window]
[    7.540626] pci_bus 0000:00: resource 8 [io  0x1000-0x3fff window]
[    7.546804] pci_bus 0000:00: resource 9 [mem 0x000a0000-0x000bffff window]
[    7.553678] pci_bus 0000:00: resource 10 [mem 0x000c4000-0x000c7fff window]
[    7.560638] pci_bus 0000:00: resource 11 [mem 0xfe010000-0xfe010fff window]
[    7.567594] pci_bus 0000:00: resource 12 [mem 0x90000000-0x9d7fffff window]
[    7.574554] pci_bus 0000:00: resource 13 [mem 0x380000000000-0x383fffffffff window]
[    7.582210] pci_bus 0000:01: resource 1 [mem 0x9c400000-0x9c8fffff]
[    7.588473] pci_bus 0000:03: resource 1 [mem 0x9c900000-0x9cbfffff]
[    7.594741] pci_bus 0000:03: resource 2 [mem 0x383ffe000000-0x383fff9fffff 64bit pref]
[    7.602653] pci_bus 0000:04: resource 1 [mem 0x9ca00000-0x9cafffff]
[    7.608917] pci_bus 0000:04: resource 2 [mem 0x383ffe000000-0x383fff9fffff 64bit pref]
[    7.616832] pci_bus 0000:05: resource 1 [mem 0x9ca00000-0x9cafffff]
[    7.623097] pci_bus 0000:05: resource 2 [mem 0x383ffe000000-0x383fff9fffff 64bit pref]
[    7.631012] pci_bus 0000:07: resource 0 [io  0x3000-0x3fff]
[    7.636584] pci_bus 0000:07: resource 1 [mem 0x9b000000-0x9c0fffff]
[    7.642849] pci_bus 0000:08: resource 0 [io  0x3000-0x3fff]
[    7.648420] pci_bus 0000:08: resource 1 [mem 0x9b000000-0x9c0fffff]
[    7.654997] pci_bus 0000:17: max bus depth: 5 pci_try_num: 6
[    7.660699] pci 0000:19:01.0: PCI bridge to [bus 1a]
[    7.665714] pci 0000:19:04.0: PCI bridge to [bus 1b]
[    7.670720] pci 0000:19:05.0: PCI bridge to [bus 1c]
[    7.675720] pci 0000:1e:05.0: BAR 14: no space for [mem size 0x00200000]
[    7.682423] pci 0000:1e:05.0: BAR 14: failed to assign [mem size 0x00200000]
[    7.689468] pci 0000:1e:05.0: BAR 15: no space for [mem size 0x00200000 64bit pref]
[    7.697119] pci 0000:1e:05.0: BAR 15: failed to assign [mem size 0x00200000 64bit pref]
[    7.705120] pci 0000:1e:05.0: BAR 13: no space for [io  size 0x1000]
[    7.711471] pci 0000:1e:05.0: BAR 13: failed to assign [io  size 0x1000]
[    7.718170] pci 0000:1e:01.0: PCI bridge to [bus 1f]
[    7.723155] pci 0000:1e:04.0: PCI bridge to [bus 20]
[    7.728127] pci 0000:1e:04.0:   bridge window [mem 0xaaa00000-0xaaafffff]
[    7.734922] pci 0000:1e:04.0:   bridge window [mem 0x387fffc00000-0x387fffcfffff 64bit pref]
[    7.743365] pci 0000:1e:05.0: PCI bridge to [bus 21]
[    7.748350] pci 0000:1e:06.0: PCI bridge to [bus 22]
[    7.753334] pci 0000:1e:07.0: PCI bridge to [bus 23]
[    7.758319] pci 0000:1e:08.0: PCI bridge to [bus 24]
[    7.763286] pci 0000:1e:08.0:   bridge window [mem 0xaa600000-0xaa7fffff]
[    7.770071] pci 0000:1e:08.0:   bridge window [mem 0x387ffd000000-0x387fffafffff 64bit pref]
